Category: 📺央视频道, Name: CCTV-1, Total: 47, Valid: 47, Valid Percent: 100.00%, Whitelist: 0, IPv4: 47, IPv6: 0, Min Delay: 33 ms, Max Speed: 65.65 M/s, Avg Speed: 21.44 M/s, Max Resolution: 1920x1080
Category: 📺央视频道, Name: CCTV-2, Total: 32, Valid: 32, Valid Percent: 100.00%, Whitelist: 0, IPv4: 32, IPv6: 0, Min Delay: 33 ms, Max Speed: 65.65 M/s, Avg Speed: 24.13 M/s, Max Resolution: 1920x1080
Category: 📺央视频道, Name: CCTV-3, Total: 37, Valid: 37, Valid Percent: 100.00%, Whitelist: 0, IPv4: 37, IPv6: 0, Min Delay: 33 ms, Max Speed: 123.04 M/s, Avg Speed: 28.37 M/s, Max Resolution: 1920x1080
Category: 📺央视频道, Name: CCTV-4, Total: 92, Valid: 92, Valid Percent: 100.00%, Whitelist: 0, IPv4: 83, IPv6: 9, Min Delay: 33 ms, Max Speed: 65.65 M/s, Avg Speed: 14.54 M/s, Max Resolution: 1920x1080
Category: 📺央视频道, Name: CCTV-5, Total: 36, Valid: 36, Valid Percent: 100.00%, Whitelist: 0, IPv4: 36, IPv6: 0, Min Delay: 33 ms, Max Speed: 65.65 M/s, Avg Speed: 17.09 M/s, Max Resolution: 1920x1080
Category: 📺央视频道, Name: CCTV-5+, Total: 13, Valid: 13, Valid Percent: 100.00%, Whitelist: 0, IPv4: 12, IPv6: 1, Min Delay: 33 ms, Max Speed: 16.96 M/s, Avg Speed: 5.89 M/s, Max Resolution: 1920x1080
Category: 📺央视频道, Name: CCTV-6, Total: 60, Valid: 60, Valid Percent: 100.00%, Whitelist: 0, IPv4: 56, IPv6: 4, Min Delay: 33 ms, Max Speed: 65.65 M/s, Avg Speed: 18.58 M/s, Max Resolution: 1920x1080
Category: 📺央视频道, Name: CCTV-7, Total: 52, Valid: 52, Valid Percent: 100.00%, Whitelist: 0, IPv4: 48, IPv6: 4, Min Delay: 33 ms, Max Speed: 65.65 M/s, Avg Speed: 18.18 M/s, Max Resolution: 1920x1080
Category: 📺央视频道, Name: CCTV-8, Total: 65, Valid: 65, Valid Percent: 100.00%, Whitelist: 0, IPv4: 61, IPv6: 4, Min Delay: 33 ms, Max Speed: 65.65 M/s, Avg Speed: 17.28 M/s, Max Resolution: 1920x1080
Category: 📺央视频道, Name: CCTV-9, Total: 48, Valid: 46, Valid Percent: 95.83%, Whitelist: 0, IPv4: 44, IPv6: 4, Min Delay: 33 ms, Max Speed: 65.65 M/s, Avg Speed: 20.16 M/s, Max Resolution: 1920x1080
Category: 📺央视频道, Name: CCTV-10, Total: 53, Valid: 53, Valid Percent: 100.00%, Whitelist: 0, IPv4: 49, IPv6: 4, Min Delay: 33 ms, Max Speed: 65.65 M/s, Avg Speed: 17.84 M/s, Max Resolution: 1920x1080
Category: 📺央视频道, Name: CCTV-11, Total: 40, Valid: 39, Valid Percent: 97.50%, Whitelist: 0, IPv4: 36, IPv6: 4, Min Delay: 33 ms, Max Speed: 65.65 M/s, Avg Speed: 19.04 M/s, Max Resolution: 1920x1080
Category: 📺央视频道, Name: CCTV-12, Total: 38, Valid: 38, Valid Percent: 100.00%, Whitelist: 0, IPv4: 29, IPv6: 9, Min Delay: 33 ms, Max Speed: 65.65 M/s, Avg Speed: 20.38 M/s, Max Resolution: 1920x1080
Category: 📺央视频道, Name: CCTV-13, Total: 57, Valid: 57, Valid Percent: 100.00%, Whitelist: 0, IPv4: 49, IPv6: 8, Min Delay: 33 ms, Max Speed: 65.65 M/s, Avg Speed: 17.50 M/s, Max Resolution: 1920x1080
Category: 📺央视频道, Name: CCTV-14, Total: 42, Valid: 42, Valid Percent: 100.00%, Whitelist: 0, IPv4: 35, IPv6: 7, Min Delay: 33 ms, Max Speed: 65.65 M/s, Avg Speed: 18.91 M/s, Max Resolution: 1920x1080
Category: 📺央视频道, Name: CCTV-15, Total: 44, Valid: 43, Valid Percent: 97.73%, Whitelist: 0, IPv4: 38, IPv6: 6, Min Delay: 33 ms, Max Speed: 65.65 M/s, Avg Speed: 20.41 M/s, Max Resolution: 1920x1080
Category: 📺央视频道, Name: CCTV-16, Total: 22, Valid: 22, Valid Percent: 100.00%, Whitelist: 0, IPv4: 17, IPv6: 5, Min Delay: 33 ms, Max Speed: 65.65 M/s, Avg Speed: 20.87 M/s, Max Resolution: 1920x1080
Category: 📺央视频道, Name: CCTV-17, Total: 26, Valid: 26, Valid Percent: 100.00%, Whitelist: 0, IPv4: 22, IPv6: 4, Min Delay: 33 ms, Max Speed: 65.65 M/s, Avg Speed: 23.32 M/s, Max Resolution: 1920x1080
Category: 📺央视频道, Name: CETV-1, Total: 10, Valid: 10, Valid Percent: 100.00%, Whitelist: 0, IPv4: 10, IPv6: 0, Min Delay: 33 ms, Max Speed: 16.96 M/s, Avg Speed: 13.74 M/s, Max Resolution: 1920x1080
Category: 📺央视频道, Name: CETV-2, Total: 8, Valid: 8, Valid Percent: 100.00%, Whitelist: 0, IPv4: 8, IPv6: 0, Min Delay: 33 ms, Max Speed: 16.96 M/s, Avg Speed: 12.94 M/s, Max Resolution: 1920x1080
Category: 📺央视频道, Name: CETV-3, Total: 3, Valid: 3, Valid Percent: 100.00%, Whitelist: 0, IPv4: 3, IPv6: 0, Min Delay: 506 ms, Max Speed: 4.78 M/s, Avg Speed: 2.17 M/s, Max Resolution: 1920x1080
Category: 📺央视频道, Name: CETV-4, Total: 13, Valid: 13, Valid Percent: 100.00%, Whitelist: 0, IPv4: 13, IPv6: 0, Min Delay: 33 ms, Max Speed: 16.96 M/s, Avg Speed: 11.96 M/s, Max Resolution: 1920x1080
Category: 📡卫视频道, Name: 广东卫视, Total: 27, Valid: 27, Valid Percent: 100.00%, Whitelist: 0, IPv4: 25, IPv6: 2, Min Delay: 17 ms, Max Speed: 167.45 M/s, Avg Speed: 31.72 M/s, Max Resolution: 1920x1080
Category: 📡卫视频道, Name: 浙江卫视, Total: 35, Valid: 35, Valid Percent: 100.00%, Whitelist: 0, IPv4: 30, IPv6: 5, Min Delay: 33 ms, Max Speed: 65.65 M/s, Avg Speed: 18.87 M/s, Max Resolution: 1920x1080
Category: 📡卫视频道, Name: 湖南卫视, Total: 31, Valid: 31, Valid Percent: 100.00%, Whitelist: 0, IPv4: 28, IPv6: 3, Min Delay: 6 ms, Max Speed: 167.45 M/s, Avg Speed: 25.20 M/s, Max Resolution: 3840x2160
Category: 📡卫视频道, Name: 北京卫视, Total: 34, Valid: 34, Valid Percent: 100.00%, Whitelist: 0, IPv4: 33, IPv6: 1, Min Delay: 6 ms, Max Speed: 65.65 M/s, Avg Speed: 21.88 M/s, Max Resolution: 1920x1080
Category: 📡卫视频道, Name: 湖北卫视, Total: 22, Valid: 22, Valid Percent: 100.00%, Whitelist: 0, IPv4: 20, IPv6: 2, Min Delay: 6 ms, Max Speed: 65.65 M/s, Avg Speed: 23.07 M/s, Max Resolution: 1920x1080
Category: 📡卫视频道, Name: 黑龙江卫视, Total: 24, Valid: 24, Valid Percent: 100.00%, Whitelist: 0, IPv4: 22, IPv6: 2, Min Delay: 6 ms, Max Speed: 65.65 M/s, Avg Speed: 22.39 M/s, Max Resolution: 1920x1080
Category: 📡卫视频道, Name: 安徽卫视, Total: 19, Valid: 19, Valid Percent: 100.00%, Whitelist: 0, IPv4: 18, IPv6: 1, Min Delay: 33 ms, Max Speed: 65.65 M/s, Avg Speed: 28.82 M/s, Max Resolution: 1920x1080
Category: 📡卫视频道, Name: 重庆卫视, Total: 21, Valid: 21, Valid Percent: 100.00%, Whitelist: 0, IPv4: 20, IPv6: 1, Min Delay: 6 ms, Max Speed: 65.65 M/s, Avg Speed: 26.46 M/s, Max Resolution: 1920x1080
Category: 📡卫视频道, Name: 东方卫视, Total: 29, Valid: 29, Valid Percent: 100.00%, Whitelist: 0, IPv4: 26, IPv6: 3, Min Delay: 17 ms, Max Speed: 167.45 M/s, Avg Speed: 26.74 M/s, Max Resolution: 1920x1080
Category: 📡卫视频道, Name: 东南卫视, Total: 26, Valid: 24, Valid Percent: 92.31%, Whitelist: 0, IPv4: 25, IPv6: 1, Min Delay: 33 ms, Max Speed: 65.65 M/s, Avg Speed: 29.21 M/s, Max Resolution: 1920x1080
Category: 📡卫视频道, Name: 甘肃卫视, Total: 17, Valid: 17, Valid Percent: 100.00%, Whitelist: 0, IPv4: 16, IPv6: 1, Min Delay: 33 ms, Max Speed: 65.65 M/s, Avg Speed: 32.22 M/s, Max Resolution: 1920x1080
Category: 📡卫视频道, Name: 广西卫视, Total: 21, Valid: 20, Valid Percent: 95.24%, Whitelist: 0, IPv4: 17, IPv6: 4, Min Delay: 33 ms, Max Speed: 65.65 M/s, Avg Speed: 33.66 M/s, Max Resolution: 1920x1080
Category: 📡卫视频道, Name: 贵州卫视, Total: 22, Valid: 22, Valid Percent: 100.00%, Whitelist: 0, IPv4: 21, IPv6: 1, Min Delay: 33 ms, Max Speed: 123.04 M/s, Avg Speed: 37.43 M/s, Max Resolution: 1920x1080
Category: 📡卫视频道, Name: 海南卫视, Total: 20, Valid: 20, Valid Percent: 100.00%, Whitelist: 0, IPv4: 18, IPv6: 2, Min Delay: 6 ms, Max Speed: 65.65 M/s, Avg Speed: 30.04 M/s, Max Resolution: 1920x1080
Category: 📡卫视频道, Name: 河北卫视, Total: 25, Valid: 22, Valid Percent: 88.00%, Whitelist: 0, IPv4: 24, IPv6: 1, Min Delay: 6 ms, Max Speed: 65.65 M/s, Avg Speed: 32.74 M/s, Max Resolution: 1920x1080
Category: 📡卫视频道, Name: 河南卫视, Total: 30, Valid: 29, Valid Percent: 96.67%, Whitelist: 0, IPv4: 28, IPv6: 2, Min Delay: 16 ms, Max Speed: 65.90 M/s, Avg Speed: 32.18 M/s, Max Resolution: 1920x1080
Category: 📡卫视频道, Name: 吉林卫视, Total: 28, Valid: 27, Valid Percent: 96.43%, Whitelist: 0, IPv4: 26, IPv6: 2, Min Delay: 33 ms, Max Speed: 65.65 M/s, Avg Speed: 21.85 M/s, Max Resolution: 1920x1080
Category: 📡卫视频道, Name: 江苏卫视, Total: 24, Valid: 24, Valid Percent: 100.00%, Whitelist: 0, IPv4: 22, IPv6: 2, Min Delay: 17 ms, Max Speed: 167.45 M/s, Avg Speed: 31.52 M/s, Max Resolution: 1920x1080
Category: 📡卫视频道, Name: 江西卫视, Total: 28, Valid: 27, Valid Percent: 96.43%, Whitelist: 0, IPv4: 26, IPv6: 2, Min Delay: 6 ms, Max Speed: 65.65 M/s, Avg Speed: 23.13 M/s, Max Resolution: 1920x1080
Category: 📡卫视频道, Name: 辽宁卫视, Total: 21, Valid: 20, Valid Percent: 95.24%, Whitelist: 0, IPv4: 19, IPv6: 2, Min Delay: 33 ms, Max Speed: 65.65 M/s, Avg Speed: 27.64 M/s, Max Resolution: 1920x1080
Category: 📡卫视频道, Name: 内蒙古卫视, Total: 18, Valid: 18, Valid Percent: 100.00%, Whitelist: 0, IPv4: 16, IPv6: 2, Min Delay: 6 ms, Max Speed: 65.65 M/s, Avg Speed: 25.46 M/s, Max Resolution: 1920x1080
Category: 📡卫视频道, Name: 宁夏卫视, Total: 18, Valid: 18, Valid Percent: 100.00%, Whitelist: 0, IPv4: 18, IPv6: 0, Min Delay: 33 ms, Max Speed: 65.65 M/s, Avg Speed: 22.55 M/s, Max Resolution: 1920x1080
Category: 📡卫视频道, Name: 青海卫视, Total: 24, Valid: 24, Valid Percent: 100.00%, Whitelist: 0, IPv4: 22, IPv6: 2, Min Delay: 6 ms, Max Speed: 65.65 M/s, Avg Speed: 28.04 M/s, Max Resolution: 1920x1080
Category: 📡卫视频道, Name: 山东卫视, Total: 21, Valid: 20, Valid Percent: 95.24%, Whitelist: 0, IPv4: 19, IPv6: 2, Min Delay: 33 ms, Max Speed: 65.65 M/s, Avg Speed: 29.31 M/s, Max Resolution: 1920x1080
Category: 📡卫视频道, Name: 山西卫视, Total: 19, Valid: 19, Valid Percent: 100.00%, Whitelist: 0, IPv4: 17, IPv6: 2, Min Delay: 6 ms, Max Speed: 65.65 M/s, Avg Speed: 20.65 M/s, Max Resolution: 1920x1080
Category: 📡卫视频道, Name: 陕西卫视, Total: 19, Valid: 19, Valid Percent: 100.00%, Whitelist: 0, IPv4: 17, IPv6: 2, Min Delay: 6 ms, Max Speed: 65.65 M/s, Avg Speed: 16.36 M/s, Max Resolution: 1920x1080
Category: 📡卫视频道, Name: 四川卫视, Total: 31, Valid: 31, Valid Percent: 100.00%, Whitelist: 0, IPv4: 27, IPv6: 4, Min Delay: 6 ms, Max Speed: 65.65 M/s, Avg Speed: 25.45 M/s, Max Resolution: 1920x1080
Category: 📡卫视频道, Name: 深圳卫视, Total: 14, Valid: 14, Valid Percent: 100.00%, Whitelist: 0, IPv4: 13, IPv6: 1, Min Delay: 33 ms, Max Speed: 65.65 M/s, Avg Speed: 20.71 M/s, Max Resolution: 1920x1080
Category: 📡卫视频道, Name: 三沙卫视, Total: 13, Valid: 13, Valid Percent: 100.00%, Whitelist: 0, IPv4: 12, IPv6: 1, Min Delay: 33 ms, Max Speed: 65.65 M/s, Avg Speed: 36.02 M/s, Max Resolution: 1920x1080
Category: 📡卫视频道, Name: 天津卫视, Total: 20, Valid: 20, Valid Percent: 100.00%, Whitelist: 0, IPv4: 18, IPv6: 2, Min Delay: 33 ms, Max Speed: 65.65 M/s, Avg Speed: 21.93 M/s, Max Resolution: 1920x1080
Category: 📡卫视频道, Name: 西藏卫视, Total: 17, Valid: 17, Valid Percent: 100.00%, Whitelist: 0, IPv4: 15, IPv6: 2, Min Delay: 6 ms, Max Speed: 65.65 M/s, Avg Speed: 26.94 M/s, Max Resolution: 1920x1080
Category: 📡卫视频道, Name: 新疆卫视, Total: 17, Valid: 17, Valid Percent: 100.00%, Whitelist: 0, IPv4: 16, IPv6: 1, Min Delay: 6 ms, Max Speed: 65.65 M/s, Avg Speed: 22.10 M/s, Max Resolution: 1920x1080
Category: 📡卫视频道, Name: 云南卫视, Total: 23, Valid: 22, Valid Percent: 95.65%, Whitelist: 0, IPv4: 21, IPv6: 2, Min Delay: 33 ms, Max Speed: 65.65 M/s, Avg Speed: 31.13 M/s, Max Resolution: 1920x1080
Category: ☘️广东频道, Name: 广东珠江, Total: 2, Valid: 2, Valid Percent: 100.00%, Whitelist: 0, IPv4: 2, IPv6: 0, Min Delay: 33 ms, Max Speed: 16.96 M/s, Avg Speed: 16.96 M/s, Max Resolution: 1920x1080
Category: ☘️广东频道, Name: 广东新闻, Total: 1, Valid: 1, Valid Percent: 100.00%, Whitelist: 0, IPv4: 1, IPv6: 0, Min Delay: 6 ms, Max Speed: 19.73 M/s, Avg Speed: 19.73 M/s, Max Resolution: None
Category: ☘️广东频道, Name: 广东卫视, Total: 25, Valid: 25, Valid Percent: 100.00%, Whitelist: 0, IPv4: 23, IPv6: 2, Min Delay: 17 ms, Max Speed: 167.45 M/s, Avg Speed: 27.55 M/s, Max Resolution: 1920x1080
Category: ☘️广东频道, Name: 大湾区卫视, Total: 6, Valid: 6, Valid Percent: 100.00%, Whitelist: 0, IPv4: 5, IPv6: 1, Min Delay: 33 ms, Max Speed: 16.96 M/s, Avg Speed: 12.21 M/s, Max Resolution: 1920x1080
Category: ☘️广东频道, Name: 广州综合, Total: 6, Valid: 6, Valid Percent: 100.00%, Whitelist: 0, IPv4: 6, IPv6: 0, Min Delay: 3276 ms, Max Speed: 0.31 M/s, Avg Speed: 0.31 M/s, Max Resolution: 1280x720
Category: ☘️广东频道, Name: 广州影视, Total: 2, Valid: 2, Valid Percent: 100.00%, Whitelist: 0, IPv4: 2, IPv6: 0, Min Delay: 3276 ms, Max Speed: 0.31 M/s, Avg Speed: 0.31 M/s, Max Resolution: 1280x720
Category: ☘️广东频道, Name: 广州竞赛, Total: 4, Valid: 4, Valid Percent: 100.00%, Whitelist: 0, IPv4: 4, IPv6: 0, Min Delay: 3276 ms, Max Speed: 0.31 M/s, Avg Speed: 0.31 M/s, Max Resolution: 1280x720
Category: ☘️广东频道, Name: 深圳卫视, Total: 14, Valid: 14, Valid Percent: 100.00%, Whitelist: 0, IPv4: 13, IPv6: 1, Min Delay: 33 ms, Max Speed: 65.65 M/s, Avg Speed: 20.71 M/s, Max Resolution: 1920x1080
Category: ☘️浙江频道, Name: 浙江钱江, Total: 5, Valid: 5, Valid Percent: 100.00%, Whitelist: 0, IPv4: 2, IPv6: 3, Min Delay: 2391 ms, Max Speed: 0.92 M/s, Avg Speed: 0.84 M/s, Max Resolution: 1920x1080
Category: ☘️浙江频道, Name: 浙江钱江都市, Total: 5, Valid: 5, Valid Percent: 100.00%, Whitelist: 0, IPv4: 3, IPv6: 2, Min Delay: 2277 ms, Max Speed: 0.92 M/s, Avg Speed: 0.69 M/s, Max Resolution: 1920x1080
Category: ☘️浙江频道, Name: 浙江生活, Total: 5, Valid: 5, Valid Percent: 100.00%, Whitelist: 0, IPv4: 2, IPv6: 3, Min Delay: 2391 ms, Max Speed: 0.92 M/s, Avg Speed: 0.84 M/s, Max Resolution: 1920x1080
Category: ☘️浙江频道, Name: 浙江经济生活, Total: 5, Valid: 5, Valid Percent: 100.00%, Whitelist: 0, IPv4: 3, IPv6: 2, Min Delay: 2277 ms, Max Speed: 0.92 M/s, Avg Speed: 0.69 M/s, Max Resolution: 1920x1080
Category: ☘️浙江频道, Name: 浙江教育, Total: 3, Valid: 3, Valid Percent: 100.00%, Whitelist: 0, IPv4: 1, IPv6: 2, Min Delay: 2391 ms, Max Speed: 0.92 M/s, Avg Speed: 0.79 M/s, Max Resolution: 1920x1080
Category: ☘️浙江频道, Name: 浙江民生, Total: 4, Valid: 4, Valid Percent: 100.00%, Whitelist: 0, IPv4: 3, IPv6: 1, Min Delay: 2391 ms, Max Speed: 0.92 M/s, Avg Speed: 0.82 M/s, Max Resolution: 1920x1080
Category: ☘️浙江频道, Name: 浙江新闻, Total: 6, Valid: 6, Valid Percent: 100.00%, Whitelist: 0, IPv4: 4, IPv6: 2, Min Delay: 2277 ms, Max Speed: 0.92 M/s, Avg Speed: 0.67 M/s, Max Resolution: 1920x1080
Category: ☘️浙江频道, Name: 浙江少儿, Total: 6, Valid: 6, Valid Percent: 100.00%, Whitelist: 0, IPv4: 1, IPv6: 5, Min Delay: 2391 ms, Max Speed: 0.92 M/s, Avg Speed: 0.52 M/s, Max Resolution: 1920x1080
Category: ☘️浙江频道, Name: 浙江经济, Total: 4, Valid: 4, Valid Percent: 100.00%, Whitelist: 0, IPv4: 2, IPv6: 2, Min Delay: 2391 ms, Max Speed: 0.92 M/s, Avg Speed: 0.82 M/s, Max Resolution: 1920x1080
Category: ☘️浙江频道, Name: 浙江国际, Total: 6, Valid: 6, Valid Percent: 100.00%, Whitelist: 0, IPv4: 3, IPv6: 3, Min Delay: 2277 ms, Max Speed: 0.92 M/s, Avg Speed: 0.59 M/s, Max Resolution: 1920x1080
Category: ☘️浙江频道, Name: 嘉兴新闻综合, Total: 6, Valid: 6, Valid Percent: 100.00%, Whitelist: 0, IPv4: 4, IPv6: 2, Min Delay: 611 ms, Max Speed: 1.70 M/s, Avg Speed: 0.82 M/s, Max Resolution: 1920x1080
Category: ☘️浙江频道, Name: 湖州公共, Total: 6, Valid: 6, Valid Percent: 100.00%, Whitelist: 0, IPv4: 6, IPv6: 0, Min Delay: 1364 ms, Max Speed: 0.23 M/s, Avg Speed: 0.21 M/s, Max Resolution: 1280x720
Category: ☘️浙江频道, Name: 湖州新闻综合, Total: 4, Valid: 4, Valid Percent: 100.00%, Whitelist: 0, IPv4: 4, IPv6: 0, Min Delay: 1364 ms, Max Speed: 0.23 M/s, Avg Speed: 0.21 M/s, Max Resolution: 1280x720
Category: ☘️浙江频道, Name: 湖州文化娱乐, Total: 3, Valid: 3, Valid Percent: 100.00%, Whitelist: 0, IPv4: 3, IPv6: 0, Min Delay: 1364 ms, Max Speed: 0.23 M/s, Avg Speed: 0.21 M/s, Max Resolution: 1280x720
Category: ☘️浙江频道, Name: 浙江民生休闲, Total: 7, Valid: 7, Valid Percent: 100.00%, Whitelist: 0, IPv4: 4, IPv6: 3, Min Delay: 2277 ms, Max Speed: 0.92 M/s, Avg Speed: 0.64 M/s, Max Resolution: 1920x1080
Category: ☘️浙江频道, Name: 浙江数码时代, Total: 3, Valid: 3, Valid Percent: 100.00%, Whitelist: 0, IPv4: 2, IPv6: 1, Min Delay: 2391 ms, Max Speed: 0.92 M/s, Avg Speed: 0.85 M/s, Max Resolution: 1920x1080
Category: ☘️浙江频道, Name: 浙江教科影视, Total: 4, Valid: 4, Valid Percent: 100.00%, Whitelist: 0, IPv4: 2, IPv6: 2, Min Delay: 2277 ms, Max Speed: 0.92 M/s, Avg Speed: 0.64 M/s, Max Resolution: 1920x1080
Category: ☘️浙江频道, Name: 浙江遂昌, Total: 2, Valid: 2, Valid Percent: 100.00%, Whitelist: 0, IPv4: 1, IPv6: 1, Min Delay: 3808 ms, Max Speed: 0.59 M/s, Avg Speed: 0.59 M/s, Max Resolution: 1920x1080
Category: ☘️浙江频道, Name: 诸暨新闻综合, Total: 2, Valid: 2, Valid Percent: 100.00%, Whitelist: 0, IPv4: 1, IPv6: 1, Min Delay: 3808 ms, Max Speed: 0.59 M/s, Avg Speed: 0.59 M/s, Max Resolution: 1920x1080
Category: ☘️浙江频道, Name: 龙游生活娱乐, Total: 2, Valid: 2, Valid Percent: 100.00%, Whitelist: 0, IPv4: 1, IPv6: 1, Min Delay: 3808 ms, Max Speed: 0.59 M/s, Avg Speed: 0.59 M/s, Max Resolution: 1920x1080
Category: ☘️浙江频道, Name: 龙泉新闻综合, Total: 3, Valid: 3, Valid Percent: 100.00%, Whitelist: 0, IPv4: 2, IPv6: 1, Min Delay: 3808 ms, Max Speed: 0.59 M/s, Avg Speed: 0.59 M/s, Max Resolution: 1920x1080
Category: ☘️浙江频道, Name: 青田电视台, Total: 2, Valid: 2, Valid Percent: 100.00%, Whitelist: 0, IPv4: 2, IPv6: 0, Min Delay: 3808 ms, Max Speed: 0.59 M/s, Avg Speed: 0.59 M/s, Max Resolution: 1920x1080
Category: ☘️浙江频道, Name: 象山综合, Total: 2, Valid: 2, Valid Percent: 100.00%, Whitelist: 0, IPv4: 1, IPv6: 1, Min Delay: 3808 ms, Max Speed: 0.59 M/s, Avg Speed: 0.59 M/s, Max Resolution: 1920x1080
Category: ☘️浙江频道, Name: 象山电视台新闻综合, Total: 2, Valid: 2, Valid Percent: 100.00%, Whitelist: 0, IPv4: 1, IPv6: 1, Min Delay: 3808 ms, Max Speed: 0.59 M/s, Avg Speed: 0.59 M/s, Max Resolution: 1920x1080
Category: ☘️浙江频道, Name: 象山新闻综合, Total: 2, Valid: 2, Valid Percent: 100.00%, Whitelist: 0, IPv4: 1, IPv6: 1, Min Delay: 3808 ms, Max Speed: 0.59 M/s, Avg Speed: 0.59 M/s, Max Resolution: 1920x1080
Category: ☘️浙江频道, Name: 萧山生活, Total: 3, Valid: 3, Valid Percent: 100.00%, Whitelist: 0, IPv4: 2, IPv6: 1, Min Delay: 3808 ms, Max Speed: 0.59 M/s, Avg Speed: 0.59 M/s, Max Resolution: 1920x1080
Category: ☘️浙江频道, Name: 萧山新闻综合, Total: 3, Valid: 3, Valid Percent: 100.00%, Whitelist: 0, IPv4: 2, IPv6: 1, Min Delay: 3808 ms, Max Speed: 0.59 M/s, Avg Speed: 0.59 M/s, Max Resolution: 1920x1080
Category: ☘️浙江频道, Name: 缙云综合, Total: 3, Valid: 3, Valid Percent: 100.00%, Whitelist: 0, IPv4: 2, IPv6: 1, Min Delay: 3808 ms, Max Speed: 0.59 M/s, Avg Speed: 0.59 M/s, Max Resolution: 1920x1080
Category: ☘️浙江频道, Name: 缙云新闻综合, Total: 2, Valid: 2, Valid Percent: 100.00%, Whitelist: 0, IPv4: 1, IPv6: 1, Min Delay: 3808 ms, Max Speed: 0.59 M/s, Avg Speed: 0.59 M/s, Max Resolution: 1920x1080
Category: ☘️浙江频道, Name: 绍兴电视台公共, Total: 2, Valid: 2, Valid Percent: 100.00%, Whitelist: 0, IPv4: 2, IPv6: 0, Min Delay: 8145 ms, Max Speed: 0.10 M/s, Avg Speed: 0.10 M/s, Max Resolution: 1280x720
Category: ☘️浙江频道, Name: 绍兴新闻综合, Total: 3, Valid: 3, Valid Percent: 100.00%, Whitelist: 0, IPv4: 3, IPv6: 0, Min Delay: 8145 ms, Max Speed: 0.10 M/s, Avg Speed: 0.10 M/s, Max Resolution: 1280x720
Category: ☘️浙江频道, Name: 绍兴文化影院, Total: 3, Valid: 3, Valid Percent: 100.00%, Whitelist: 0, IPv4: 3, IPv6: 0, Min Delay: 8145 ms, Max Speed: 0.10 M/s, Avg Speed: 0.10 M/s, Max Resolution: 1280x720
Category: ☘️浙江频道, Name: 绍兴文化影视, Total: 1, Valid: 1, Valid Percent: 100.00%, Whitelist: 0, IPv4: 1, IPv6: 0, Min Delay: 8145 ms, Max Speed: 0.10 M/s, Avg Speed: 0.10 M/s, Max Resolution: 1280x720
Category: ☘️浙江频道, Name: 绍兴公共, Total: 3, Valid: 3, Valid Percent: 100.00%, Whitelist: 0, IPv4: 3, IPv6: 0, Min Delay: 8145 ms, Max Speed: 0.10 M/s, Avg Speed: 0.10 M/s, Max Resolution: 1280x720
Category: ☘️浙江频道, Name: 湖州公共民生, Total: 1, Valid: 1, Valid Percent: 100.00%, Whitelist: 0, IPv4: 1, IPv6: 0, Min Delay: 1364 ms, Max Speed: 0.23 M/s, Avg Speed: 0.23 M/s, Max Resolution: 1280x720
Category: ☘️浙江频道, Name: 海宁新闻综合, Total: 2, Valid: 2, Valid Percent: 100.00%, Whitelist: 0, IPv4: 2, IPv6: 0, Min Delay: 688 ms, Max Speed: 1.11 M/s, Avg Speed: 1.11 M/s, Max Resolution: 1280x720
Category: ☘️浙江频道, Name: 洞头综合, Total: 2, Valid: 2, Valid Percent: 100.00%, Whitelist: 0, IPv4: 1, IPv6: 1, Min Delay: 3808 ms, Max Speed: 0.59 M/s, Avg Speed: 0.59 M/s, Max Resolution: 1920x1080
Category: ☘️浙江频道, Name: 永嘉新闻综合, Total: 3, Valid: 3, Valid Percent: 100.00%, Whitelist: 0, IPv4: 2, IPv6: 1, Min Delay: 3808 ms, Max Speed: 0.59 M/s, Avg Speed: 0.59 M/s, Max Resolution: 1920x1080
Category: ☘️浙江频道, Name: 松阳综合, Total: 5, Valid: 5, Valid Percent: 100.00%, Whitelist: 0, IPv4: 3, IPv6: 2, Min Delay: 3808 ms, Max Speed: 0.59 M/s, Avg Speed: 0.59 M/s, Max Resolution: 1920x1080
Category: ☘️浙江频道, Name: 松阳新闻综合, Total: 2, Valid: 2, Valid Percent: 100.00%, Whitelist: 0, IPv4: 1, IPv6: 1, Min Delay: 3808 ms, Max Speed: 0.59 M/s, Avg Speed: 0.59 M/s, Max Resolution: 1920x1080
Category: ☘️浙江频道, Name: 普陀新闻综合, Total: 2, Valid: 2, Valid Percent: 100.00%, Whitelist: 0, IPv4: 1, IPv6: 1, Min Delay: 3808 ms, Max Speed: 0.59 M/s, Avg Speed: 0.59 M/s, Max Resolution: 1920x1080
Category: ☘️浙江频道, Name: 新昌新闻综合, Total: 3, Valid: 3, Valid Percent: 100.00%, Whitelist: 0, IPv4: 1, IPv6: 2, Min Delay: 3808 ms, Max Speed: 0.59 M/s, Avg Speed: 0.55 M/s, Max Resolution: 1920x1080
Category: ☘️浙江频道, Name: 文成综合, Total: 4, Valid: 4, Valid Percent: 100.00%, Whitelist: 0, IPv4: 2, IPv6: 2, Min Delay: 3808 ms, Max Speed: 0.59 M/s, Avg Speed: 0.59 M/s, Max Resolution: 1920x1080
Category: ☘️浙江频道, Name: 文成新闻综合, Total: 2, Valid: 2, Valid Percent: 100.00%, Whitelist: 0, IPv4: 1, IPv6: 1, Min Delay: 3808 ms, Max Speed: 0.59 M/s, Avg Speed: 0.59 M/s, Max Resolution: 1920x1080
Category: ☘️浙江频道, Name: 开化国家公园, Total: 3, Valid: 3, Valid Percent: 100.00%, Whitelist: 0, IPv4: 2, IPv6: 1, Min Delay: 3808 ms, Max Speed: 0.59 M/s, Avg Speed: 0.59 M/s, Max Resolution: 1920x1080
Category: ☘️浙江频道, Name: 庆元综合, Total: 6, Valid: 6, Valid Percent: 100.00%, Whitelist: 0, IPv4: 3, IPv6: 3, Min Delay: 3808 ms, Max Speed: 0.59 M/s, Avg Speed: 0.59 M/s, Max Resolution: 1920x1080
Category: ☘️浙江频道, Name: 庆元新闻综合, Total: 2, Valid: 2, Valid Percent: 100.00%, Whitelist: 0, IPv4: 1, IPv6: 1, Min Delay: 3808 ms, Max Speed: 0.59 M/s, Avg Speed: 0.59 M/s, Max Resolution: 1920x1080
Category: ☘️浙江频道, Name: 平湖民生休闲, Total: 3, Valid: 3, Valid Percent: 100.00%, Whitelist: 0, IPv4: 2, IPv6: 1, Min Delay: 3808 ms, Max Speed: 0.59 M/s, Avg Speed: 0.59 M/s, Max Resolution: 1920x1080
Category: ☘️浙江频道, Name: 平湖新闻综合, Total: 3, Valid: 3, Valid Percent: 100.00%, Whitelist: 0, IPv4: 2, IPv6: 1, Min Delay: 3808 ms, Max Speed: 0.59 M/s, Avg Speed: 0.59 M/s, Max Resolution: 1920x1080
Category: ☘️浙江频道, Name: 嵊泗综合, Total: 2, Valid: 2, Valid Percent: 100.00%, Whitelist: 0, IPv4: 1, IPv6: 1, Min Delay: 3808 ms, Max Speed: 0.59 M/s, Avg Speed: 0.59 M/s, Max Resolution: 1920x1080
Category: ☘️浙江频道, Name: 嵊州新闻综合, Total: 3, Valid: 3, Valid Percent: 100.00%, Whitelist: 0, IPv4: 2, IPv6: 1, Min Delay: 3808 ms, Max Speed: 0.59 M/s, Avg Speed: 0.59 M/s, Max Resolution: 1920x1080
Category: ☘️浙江频道, Name: 兰溪新闻综合, Total: 3, Valid: 3, Valid Percent: 100.00%, Whitelist: 0, IPv4: 2, IPv6: 1, Min Delay: 3808 ms, Max Speed: 0.59 M/s, Avg Speed: 0.59 M/s, Max Resolution: 1920x1080
Category: ☘️浙江频道, Name: 余杭综合, Total: 3, Valid: 3, Valid Percent: 100.00%, Whitelist: 0, IPv4: 2, IPv6: 1, Min Delay: 3808 ms, Max Speed: 0.59 M/s, Avg Speed: 0.59 M/s, Max Resolution: 1920x1080
Category: ☘️浙江频道, Name: 余杭未来E, Total: 2, Valid: 2, Valid Percent: 100.00%, Whitelist: 0, IPv4: 1, IPv6: 1, Min Delay: 3808 ms, Max Speed: 0.59 M/s, Avg Speed: 0.59 M/s, Max Resolution: 1920x1080
Category: ☘️浙江频道, Name: 余姚综合, Total: 5, Valid: 5, Valid Percent: 100.00%, Whitelist: 0, IPv4: 3, IPv6: 2, Min Delay: 3808 ms, Max Speed: 0.59 M/s, Avg Speed: 0.56 M/s, Max Resolution: 1920x1080
Category: ☘️浙江频道, Name: 余姚新闻综合, Total: 5, Valid: 5, Valid Percent: 100.00%, Whitelist: 0, IPv4: 3, IPv6: 2, Min Delay: 3808 ms, Max Speed: 0.59 M/s, Avg Speed: 0.56 M/s, Max Resolution: 1920x1080
Category: ☘️浙江频道, Name: 余姚姚江文化, Total: 3, Valid: 3, Valid Percent: 100.00%, Whitelist: 0, IPv4: 1, IPv6: 2, Min Delay: 3808 ms, Max Speed: 0.59 M/s, Avg Speed: 0.51 M/s, Max Resolution: 1920x1080
Category: ☘️浙江频道, Name: 云和新闻综合, Total: 2, Valid: 2, Valid Percent: 100.00%, Whitelist: 0, IPv4: 1, IPv6: 1, Min Delay: 3808 ms, Max Speed: 0.59 M/s, Avg Speed: 0.59 M/s, Max Resolution: 1920x1080
Category: ☘️浙江频道, Name: 中国蓝新闻, Total: 3, Valid: 3, Valid Percent: 100.00%, Whitelist: 0, IPv4: 1, IPv6: 2, Min Delay: 2391 ms, Max Speed: 0.92 M/s, Avg Speed: 0.79 M/s, Max Resolution: 1920x1080
Category: ☘️浙江频道, Name: 上虞新闻综合, Total: 3, Valid: 3, Valid Percent: 100.00%, Whitelist: 0, IPv4: 2, IPv6: 1, Min Delay: 3808 ms, Max Speed: 0.59 M/s, Avg Speed: 0.59 M/s, Max Resolution: 1920x1080
Category: ☘️浙江频道, Name: 上虞新商都, Total: 4, Valid: 4, Valid Percent: 100.00%, Whitelist: 0, IPv4: 3, IPv6: 1, Min Delay: 3808 ms, Max Speed: 0.59 M/s, Avg Speed: 0.59 M/s, Max Resolution: 1920x1080
Category: ☘️浙江频道, Name: 上虞文化影院, Total: 3, Valid: 3, Valid Percent: 100.00%, Whitelist: 0, IPv4: 2, IPv6: 1, Min Delay: 3808 ms, Max Speed: 0.59 M/s, Avg Speed: 0.59 M/s, Max Resolution: 1920x1080
Category: ☘️北京频道, Name: 北京新闻, Total: 7, Valid: 7, Valid Percent: 100.00%, Whitelist: 0, IPv4: 5, IPv6: 2, Min Delay: 6 ms, Max Speed: 19.73 M/s, Avg Speed: 5.71 M/s, Max Resolution: 1920x1080
Category: ☘️北京频道, Name: 北京生活, Total: 1, Valid: 1, Valid Percent: 100.00%, Whitelist: 0, IPv4: 1, IPv6: 0, Min Delay: 2000 ms, Max Speed: 0.05 M/s, Avg Speed: 0.05 M/s, Max Resolution: None
Category: ☘️北京频道, Name: 北京科教, Total: 2, Valid: 2, Valid Percent: 100.00%, Whitelist: 0, IPv4: 2, IPv6: 0, Min Delay: 4 ms, Max Speed: 72.56 M/s, Avg Speed: 72.56 M/s, Max Resolution: 19x24
Category: ☘️北京频道, Name: 北京财经, Total: 1, Valid: 1, Valid Percent: 100.00%, Whitelist: 0, IPv4: 1, IPv6: 0, Min Delay: 2000 ms, Max Speed: 0.05 M/s, Avg Speed: 0.05 M/s, Max Resolution: None
Category: ☘️上海频道, Name: 上海新闻综合, Total: 2, Valid: 2, Valid Percent: 100.00%, Whitelist: 0, IPv4: 2, IPv6: 0, Min Delay: 33 ms, Max Speed: 16.96 M/s, Avg Speed: 16.96 M/s, Max Resolution: 1920x1080
Category: ☘️上海频道, Name: 上海第一财经, Total: 3, Valid: 3, Valid Percent: 100.00%, Whitelist: 0, IPv4: 3, IPv6: 0, Min Delay: 10 ms, Max Speed: 16.96 M/s, Avg Speed: 14.65 M/s, Max Resolution: 1920x1080
Category: ☘️上海频道, Name: 新闻综合, Total: 2, Valid: 2, Valid Percent: 100.00%, Whitelist: 0, IPv4: 2, IPv6: 0, Min Delay: 611 ms, Max Speed: 1.70 M/s, Avg Speed: 1.13 M/s, Max Resolution: 1920x1080
Category: ☘️上海频道, Name: 法治天地, Total: 6, Valid: 6, Valid Percent: 100.00%, Whitelist: 0, IPv4: 6, IPv6: 0, Min Delay: 9 ms, Max Speed: 131.14 M/s, Avg Speed: 87.48 M/s, Max Resolution: 1440x1080
Category: ☘️上海频道, Name: 第一财经, Total: 4, Valid: 4, Valid Percent: 100.00%, Whitelist: 0, IPv4: 4, IPv6: 0, Min Delay: 6 ms, Max Speed: 19.73 M/s, Avg Speed: 7.47 M/s, Max Resolution: None
Category: ☘️上海频道, Name: 都市剧场, Total: 6, Valid: 6, Valid Percent: 100.00%, Whitelist: 0, IPv4: 6, IPv6: 0, Min Delay: 9 ms, Max Speed: 131.14 M/s, Avg Speed: 67.29 M/s, Max Resolution: 1440x1080
Category: ☘️重庆频道, Name: 璧山综合, Total: 4, Valid: 4, Valid Percent: 100.00%, Whitelist: 0, IPv4: 4, IPv6: 0, Min Delay: 10539 ms, Max Speed: 0.39 M/s, Avg Speed: 0.39 M/s, Max Resolution: 1920x1080
Category: ☘️重庆频道, Name: 铜梁综合, Total: 4, Valid: 4, Valid Percent: 100.00%, Whitelist: 0, IPv4: 4, IPv6: 0, Min Delay: 6319 ms, Max Speed: 0.14 M/s, Avg Speed: 0.14 M/s, Max Resolution: 720x576
Category: ☘️重庆频道, Name: 重庆汽摩, Total: 2, Valid: 2, Valid Percent: 100.00%, Whitelist: 0, IPv4: 2, IPv6: 0, Min Delay: 5070 ms, Max Speed: 0.31 M/s, Avg Speed: 0.31 M/s, Max Resolution: 1920x1080
Category: ☘️重庆频道, Name: 荣昌综合, Total: 3, Valid: 3, Valid Percent: 100.00%, Whitelist: 0, IPv4: 3, IPv6: 0, Min Delay: 4024 ms, Max Speed: 0.12 M/s, Avg Speed: 0.12 M/s, Max Resolution: 720x404
Category: ☘️重庆频道, Name: 潼南综合, Total: 1, Valid: 1, Valid Percent: 100.00%, Whitelist: 0, IPv4: 1, IPv6: 0, Min Delay: 5070 ms, Max Speed: 0.31 M/s, Avg Speed: 0.31 M/s, Max Resolution: 1920x1080
Category: ☘️重庆频道, Name: 江津新闻综合, Total: 5, Valid: 5, Valid Percent: 100.00%, Whitelist: 0, IPv4: 5, IPv6: 0, Min Delay: 12434 ms, Max Speed: 0.09 M/s, Avg Speed: 0.09 M/s, Max Resolution: 1920x1080
Category: ☘️重庆频道, Name: 垫江综合, Total: 1, Valid: 0, Valid Percent: 0.00%, Whitelist: 0, IPv4: 1, IPv6: 0, Min Delay: -1 ms, Max Speed: 0.00 M/s, Avg Speed: 0.00 M/s, Max Resolution: 1920x1080
Category: ☘️重庆频道, Name: 重庆新闻, Total: 1, Valid: 1, Valid Percent: 100.00%, Whitelist: 0, IPv4: 1, IPv6: 0, Min Delay: 10 ms, Max Speed: 10.03 M/s, Avg Speed: 10.03 M/s, Max Resolution: None
Category: ☘️江苏频道, Name: 优漫卡通, Total: 3, Valid: 3, Valid Percent: 100.00%, Whitelist: 0, IPv4: 3, IPv6: 0, Min Delay: 33 ms, Max Speed: 16.96 M/s, Avg Speed: 16.96 M/s, Max Resolution: 1920x1080
Category: ☘️江苏频道, Name: 南京十八, Total: 2, Valid: 2, Valid Percent: 100.00%, Whitelist: 0, IPv4: 2, IPv6: 0, Min Delay: 33 ms, Max Speed: 16.96 M/s, Avg Speed: 16.96 M/s, Max Resolution: 1920x1080
Category: ☘️江苏频道, Name: 南京教科, Total: 4, Valid: 4, Valid Percent: 100.00%, Whitelist: 0, IPv4: 2, IPv6: 2, Min Delay: 33 ms, Max Speed: 16.96 M/s, Avg Speed: 8.61 M/s, Max Resolution: 1920x1080
Category: ☘️江苏频道, Name: 南京新闻综合, Total: 3, Valid: 3, Valid Percent: 100.00%, Whitelist: 0, IPv4: 2, IPv6: 1, Min Delay: 33 ms, Max Speed: 16.96 M/s, Avg Speed: 11.40 M/s, Max Resolution: 1920x1080
Category: ☘️江苏频道, Name: 南通新闻综合, Total: 2, Valid: 2, Valid Percent: 100.00%, Whitelist: 0, IPv4: 2, IPv6: 0, Min Delay: 33 ms, Max Speed: 16.96 M/s, Avg Speed: 16.96 M/s, Max Resolution: 1920x1080
Category: ☘️江苏频道, Name: 句容影院, Total: 2, Valid: 2, Valid Percent: 100.00%, Whitelist: 0, IPv4: 2, IPv6: 0, Min Delay: 1984 ms, Max Speed: 0.22 M/s, Avg Speed: 0.22 M/s, Max Resolution: 720x576
Category: ☘️江苏频道, Name: 句容新闻综合, Total: 3, Valid: 3, Valid Percent: 100.00%, Whitelist: 0, IPv4: 3, IPv6: 0, Min Delay: 1984 ms, Max Speed: 0.22 M/s, Avg Speed: 0.22 M/s, Max Resolution: 720x576
Category: ☘️江苏频道, Name: 句容生活, Total: 1, Valid: 1, Valid Percent: 100.00%, Whitelist: 0, IPv4: 1, IPv6: 0, Min Delay: 1984 ms, Max Speed: 0.22 M/s, Avg Speed: 0.22 M/s, Max Resolution: 720x576
Category: ☘️江苏频道, Name: 宜兴新闻, Total: 5, Valid: 5, Valid Percent: 100.00%, Whitelist: 0, IPv4: 5, IPv6: 0, Min Delay: 509 ms, Max Speed: 8.78 M/s, Avg Speed: 8.63 M/s, Max Resolution: 1280x720
Category: ☘️江苏频道, Name: 宜兴紫砂, Total: 1, Valid: 0, Valid Percent: 0.00%, Whitelist: 0, IPv4: 1, IPv6: 0, Min Delay: -1 ms, Max Speed: 0.00 M/s, Avg Speed: 0.00 M/s, Max Resolution: 1280x720
Category: ☘️江苏频道, Name: 常熟民生, Total: 1, Valid: 0, Valid Percent: 0.00%, Whitelist: 0, IPv4: 1, IPv6: 0, Min Delay: -1 ms, Max Speed: 0.00 M/s, Avg Speed: 0.00 M/s, Max Resolution: 1280x720
Category: ☘️江苏频道, Name: 江苏城市, Total: 2, Valid: 2, Valid Percent: 100.00%, Whitelist: 0, IPv4: 2, IPv6: 0, Min Delay: 33 ms, Max Speed: 16.96 M/s, Avg Speed: 16.96 M/s, Max Resolution: 1920x1080
Category: ☘️江苏频道, Name: 江苏影视, Total: 2, Valid: 2, Valid Percent: 100.00%, Whitelist: 0, IPv4: 2, IPv6: 0, Min Delay: 33 ms, Max Speed: 16.96 M/s, Avg Speed: 16.96 M/s, Max Resolution: 1920x1080
Category: ☘️江苏频道, Name: 江苏教育, Total: 2, Valid: 2, Valid Percent: 100.00%, Whitelist: 0, IPv4: 2, IPv6: 0, Min Delay: 33 ms, Max Speed: 16.96 M/s, Avg Speed: 16.96 M/s, Max Resolution: 1920x1080
Category: ☘️江苏频道, Name: 泗洪新闻综合, Total: 2, Valid: 2, Valid Percent: 100.00%, Whitelist: 0, IPv4: 2, IPv6: 0, Min Delay: 2680 ms, Max Speed: 0.31 M/s, Avg Speed: 0.31 M/s, Max Resolution: 1920x1080
Category: ☘️江苏频道, Name: 泗阳综合, Total: 2, Valid: 2, Valid Percent: 100.00%, Whitelist: 0, IPv4: 2, IPv6: 0, Min Delay: 2680 ms, Max Speed: 0.31 M/s, Avg Speed: 0.31 M/s, Max Resolution: 1920x1080
Category: ☘️江苏频道, Name: 淮安新闻综合, Total: 2, Valid: 2, Valid Percent: 100.00%, Whitelist: 0, IPv4: 2, IPv6: 0, Min Delay: 33 ms, Max Speed: 16.96 M/s, Avg Speed: 16.96 M/s, Max Resolution: 1920x1080
Category: ☘️江苏频道, Name: 溧水新闻综合, Total: 2, Valid: 2, Valid Percent: 100.00%, Whitelist: 0, IPv4: 2, IPv6: 0, Min Delay: 33 ms, Max Speed: 16.96 M/s, Avg Speed: 16.96 M/s, Max Resolution: 1920x1080
Category: ☘️江苏频道, Name: 滨海新闻综合, Total: 2, Valid: 2, Valid Percent: 100.00%, Whitelist: 0, IPv4: 2, IPv6: 0, Min Delay: 4706 ms, Max Speed: 0.35 M/s, Avg Speed: 0.35 M/s, Max Resolution: 1920x1080
Category: ☘️江苏频道, Name: 睢宁综合, Total: 1, Valid: 1, Valid Percent: 100.00%, Whitelist: 0, IPv4: 1, IPv6: 0, Min Delay: 611 ms, Max Speed: 1.70 M/s, Avg Speed: 1.70 M/s, Max Resolution: 1920x1080
Category: ☘️江苏频道, Name: 苏州4k, Total: 1, Valid: 1, Valid Percent: 100.00%, Whitelist: 0, IPv4: 1, IPv6: 0, Min Delay: 611 ms, Max Speed: 1.70 M/s, Avg Speed: 1.70 M/s, Max Resolution: 1920x1080
Category: ☘️江苏频道, Name: 苏州文化生活, Total: 1, Valid: 1, Valid Percent: 100.00%, Whitelist: 0, IPv4: 1, IPv6: 0, Min Delay: 611 ms, Max Speed: 1.70 M/s, Avg Speed: 1.70 M/s, Max Resolution: 1920x1080
Category: ☘️江苏频道, Name: 苏州新闻综合, Total: 1, Valid: 1, Valid Percent: 100.00%, Whitelist: 0, IPv4: 1, IPv6: 0, Min Delay: 611 ms, Max Speed: 1.70 M/s, Avg Speed: 1.70 M/s, Max Resolution: 1920x1080
Category: ☘️江苏频道, Name: 苏州生活资讯, Total: 1, Valid: 1, Valid Percent: 100.00%, Whitelist: 0, IPv4: 1, IPv6: 0, Min Delay: 611 ms, Max Speed: 1.70 M/s, Avg Speed: 1.70 M/s, Max Resolution: 1920x1080
Category: ☘️江苏频道, Name: 苏州社会经济, Total: 1, Valid: 1, Valid Percent: 100.00%, Whitelist: 0, IPv4: 1, IPv6: 0, Min Delay: 611 ms, Max Speed: 1.70 M/s, Avg Speed: 1.70 M/s, Max Resolution: 1920x1080
Category: ☘️江苏频道, Name: 赣榆新闻综合, Total: 2, Valid: 0, Valid Percent: 0.00%, Whitelist: 0, IPv4: 2, IPv6: 0, Min Delay: 514 ms, Max Speed: 0.00 M/s, Avg Speed: 0.00 M/s, Max Resolution: None
Category: ☘️江苏频道, Name: 连云港新闻综合, Total: 2, Valid: 2, Valid Percent: 100.00%, Whitelist: 0, IPv4: 2, IPv6: 0, Min Delay: 33 ms, Max Speed: 16.96 M/s, Avg Speed: 16.96 M/s, Max Resolution: 1920x1080
Category: ☘️江苏频道, Name: 镇江二套社会民生, Total: 2, Valid: 2, Valid Percent: 100.00%, Whitelist: 0, IPv4: 2, IPv6: 0, Min Delay: 19 ms, Max Speed: 61.70 M/s, Avg Speed: 61.70 M/s, Max Resolution: 1920x1080
Category: ☘️江苏频道, Name: 镇江新闻综合, Total: 6, Valid: 6, Valid Percent: 100.00%, Whitelist: 0, IPv4: 6, IPv6: 0, Min Delay: 19 ms, Max Speed: 61.70 M/s, Avg Speed: 46.79 M/s, Max Resolution: 1920x1080
Category: ☘️江苏频道, Name: 靖江新闻综合, Total: 3, Valid: 2, Valid Percent: 66.67%, Whitelist: 0, IPv4: 1, IPv6: 2, Min Delay: 12682 ms, Max Speed: 0.01 M/s, Avg Speed: 0.01 M/s, Max Resolution: 1920x1080
Category: ☘️辽宁频道, Name: 朝阳新闻综合, Total: 2, Valid: 0, Valid Percent: 0.00%, Whitelist: 0, IPv4: 2, IPv6: 0, Min Delay: 12808 ms, Max Speed: 0.00 M/s, Avg Speed: 0.00 M/s, Max Resolution: 1920x1080
Category: ☘️湖南频道, Name: 衡阳新闻综合, Total: 2, Valid: 2, Valid Percent: 100.00%, Whitelist: 0, IPv4: 2, IPv6: 0, Min Delay: 12233 ms, Max Speed: 0.01 M/s, Avg Speed: 0.01 M/s, Max Resolution: 800x480
Category: ☘️广西频道, Name: 北海新闻综合, Total: 2, Valid: 0, Valid Percent: 0.00%, Whitelist: 0, IPv4: 2, IPv6: 0, Min Delay: 268 ms, Max Speed: 0.00 M/s, Avg Speed: 0.00 M/s, Max Resolution: None
Category: ☘️广西频道, Name: 南宁新闻综合, Total: 2, Valid: 0, Valid Percent: 0.00%, Whitelist: 0, IPv4: 2, IPv6: 0, Min Delay: -1 ms, Max Speed: 0.00 M/s, Avg Speed: 0.00 M/s, Max Resolution: 1920x1080
Category: ☘️广西频道, Name: 宾阳综合, Total: 2, Valid: 2, Valid Percent: 100.00%, Whitelist: 0, IPv4: 2, IPv6: 0, Min Delay: 12889 ms, Max Speed: 0.28 M/s, Avg Speed: 0.28 M/s, Max Resolution: 1920x1080
Category: ☘️广西频道, Name: 来宾综合, Total: 1, Valid: 1, Valid Percent: 100.00%, Whitelist: 0, IPv4: 1, IPv6: 0, Min Delay: 12889 ms, Max Speed: 0.28 M/s, Avg Speed: 0.28 M/s, Max Resolution: 1920x1080
Category: ☘️广西频道, Name: 广西新闻, Total: 4, Valid: 4, Valid Percent: 100.00%, Whitelist: 0, IPv4: 4, IPv6: 0, Min Delay: 506 ms, Max Speed: 4.78 M/s, Avg Speed: 1.71 M/s, Max Resolution: 1920x1080
Category: ☘️广西频道, Name: 广西国际, Total: 5, Valid: 5, Valid Percent: 100.00%, Whitelist: 0, IPv4: 4, IPv6: 1, Min Delay: 506 ms, Max Speed: 4.78 M/s, Avg Speed: 1.99 M/s, Max Resolution: 1920x1080
Category: ☘️天津频道, Name: 滨海新闻, Total: 1, Valid: 1, Valid Percent: 100.00%, Whitelist: 0, IPv4: 1, IPv6: 0, Min Delay: 4706 ms, Max Speed: 0.35 M/s, Avg Speed: 0.35 M/s, Max Resolution: 1920x1080
Category: ☘️天津频道, Name: 滨海综艺, Total: 1, Valid: 1, Valid Percent: 100.00%, Whitelist: 0, IPv4: 1, IPv6: 0, Min Delay: 4706 ms, Max Speed: 0.35 M/s, Avg Speed: 0.35 M/s, Max Resolution: 1920x1080
Category: ☘️天津频道, Name: 滨海影院, Total: 1, Valid: 1, Valid Percent: 100.00%, Whitelist: 0, IPv4: 1, IPv6: 0, Min Delay: 4706 ms, Max Speed: 0.35 M/s, Avg Speed: 0.35 M/s, Max Resolution: 1920x1080
Category: ☘️天津频道, Name: 津南一套, Total: 4, Valid: 4, Valid Percent: 100.00%, Whitelist: 0, IPv4: 4, IPv6: 0, Min Delay: 17 ms, Max Speed: 22.19 M/s, Avg Speed: 11.18 M/s, Max Resolution: 720x576
Category: ☘️天津频道, Name: 天津卫视, Total: 20, Valid: 20, Valid Percent: 100.00%, Whitelist: 0, IPv4: 18, IPv6: 2, Min Delay: 33 ms, Max Speed: 65.65 M/s, Avg Speed: 21.93 M/s, Max Resolution: 1920x1080
Category: ☘️四川频道, Name: 乐山新闻综合, Total: 2, Valid: 2, Valid Percent: 100.00%, Whitelist: 0, IPv4: 2, IPv6: 0, Min Delay: 17 ms, Max Speed: 56.40 M/s, Avg Speed: 56.40 M/s, Max Resolution: 1280x720
Category: ☘️四川频道, Name: 乐至综合, Total: 2, Valid: 2, Valid Percent: 100.00%, Whitelist: 0, IPv4: 2, IPv6: 0, Min Delay: 3361 ms, Max Speed: 0.67 M/s, Avg Speed: 0.67 M/s, Max Resolution: 1920x1080
Category: ☘️四川频道, Name: 井研综合, Total: 2, Valid: 2, Valid Percent: 100.00%, Whitelist: 0, IPv4: 2, IPv6: 0, Min Delay: 3323 ms, Max Speed: 0.53 M/s, Avg Speed: 0.53 M/s, Max Resolution: 1920x1080
Category: ☘️四川频道, Name: 仁寿综合, Total: 2, Valid: 2, Valid Percent: 100.00%, Whitelist: 0, IPv4: 2, IPv6: 0, Min Delay: 1876 ms, Max Speed: 0.04 M/s, Avg Speed: 0.04 M/s, Max Resolution: None
Category: ☘️四川频道, Name: 凉山新闻综合, Total: 2, Valid: 0, Valid Percent: 0.00%, Whitelist: 0, IPv4: 2, IPv6: 0, Min Delay: -1 ms, Max Speed: 0.00 M/s, Avg Speed: 0.00 M/s, Max Resolution: 720x404
Category: ☘️四川频道, Name: 名山综合, Total: 3, Valid: 2, Valid Percent: 66.67%, Whitelist: 0, IPv4: 3, IPv6: 0, Min Delay: 1475 ms, Max Speed: 0.13 M/s, Avg Speed: 0.13 M/s, Max Resolution: 1920x1080
Category: ☘️四川频道, Name: 夹江新闻综合, Total: 4, Valid: 2, Valid Percent: 50.00%, Whitelist: 0, IPv4: 4, IPv6: 0, Min Delay: 5317 ms, Max Speed: 0.03 M/s, Avg Speed: 0.03 M/s, Max Resolution: 1280x720
Category: ☘️四川频道, Name: 小金综合, Total: 1, Valid: 0, Valid Percent: 0.00%, Whitelist: 0, IPv4: 1, IPv6: 0, Min Delay: -1 ms, Max Speed: 0.00 M/s, Avg Speed: 0.00 M/s, Max Resolution: 1920x1080
Category: ☘️四川频道, Name: 广元公共, Total: 1, Valid: 1, Valid Percent: 100.00%, Whitelist: 0, IPv4: 1, IPv6: 0, Min Delay: 12003 ms, Max Speed: 0.03 M/s, Avg Speed: 0.03 M/s, Max Resolution: 1280x720
Category: ☘️四川频道, Name: 广元综合, Total: 1, Valid: 1, Valid Percent: 100.00%, Whitelist: 0, IPv4: 1, IPv6: 0, Min Delay: 12003 ms, Max Speed: 0.03 M/s, Avg Speed: 0.03 M/s, Max Resolution: 1280x720
Category: ☘️四川频道, Name: 广安公共, Total: 4, Valid: 4, Valid Percent: 100.00%, Whitelist: 0, IPv4: 4, IPv6: 0, Min Delay: 569 ms, Max Speed: 0.00 M/s, Avg Speed: 0.00 M/s, Max Resolution: 720x576
Category: ☘️四川频道, Name: 旺苍新闻综合, Total: 6, Valid: 5, Valid Percent: 83.33%, Whitelist: 0, IPv4: 4, IPv6: 2, Min Delay: 614 ms, Max Speed: 0.71 M/s, Avg Speed: 0.29 M/s, Max Resolution: 1920x1080
Category: ☘️四川频道, Name: 朝天综合, Total: 1, Valid: 1, Valid Percent: 100.00%, Whitelist: 0, IPv4: 1, IPv6: 0, Min Delay: 12003 ms, Max Speed: 0.03 M/s, Avg Speed: 0.03 M/s, Max Resolution: 1280x720
Category: ☘️四川频道, Name: 沐川综合, Total: 1, Valid: 0, Valid Percent: 0.00%, Whitelist: 0, IPv4: 1, IPv6: 0, Min Delay: -1 ms, Max Speed: 0.00 M/s, Avg Speed: 0.00 M/s, Max Resolution: 1920x1080
Category: ☘️四川频道, Name: 甘孜综合, Total: 2, Valid: 1, Valid Percent: 50.00%, Whitelist: 0, IPv4: 1, IPv6: 1, Min Delay: 2993 ms, Max Speed: 0.59 M/s, Avg Speed: 0.59 M/s, Max Resolution: 1920x1080
Category: ☘️四川频道, Name: 荥经综合, Total: 4, Valid: 4, Valid Percent: 100.00%, Whitelist: 0, IPv4: 2, IPv6: 2, Min Delay: 2788 ms, Max Speed: 0.50 M/s, Avg Speed: 0.37 M/s, Max Resolution: 1920x1080
Category: ☘️四川频道, Name: 金川新闻综合, Total: 2, Valid: 0, Valid Percent: 0.00%, Whitelist: 0, IPv4: 2, IPv6: 0, Min Delay: -1 ms, Max Speed: 0.00 M/s, Avg Speed: 0.00 M/s, Max Resolution: 1920x1080
Category: ☘️四川频道, Name: 长宁综合, Total: 1, Valid: 0, Valid Percent: 0.00%, Whitelist: 0, IPv4: 1, IPv6: 0, Min Delay: -1 ms, Max Speed: 0.00 M/s, Avg Speed: 0.00 M/s, Max Resolution: 1920x1080
Category: ☘️四川频道, Name: 雅安新闻综合, Total: 1, Valid: 1, Valid Percent: 100.00%, Whitelist: 0, IPv4: 1, IPv6: 0, Min Delay: 2652 ms, Max Speed: 0.56 M/s, Avg Speed: 0.56 M/s, Max Resolution: 1920x1080
Category: ☘️四川频道, Name: 雅安雨城, Total: 2, Valid: 2, Valid Percent: 100.00%, Whitelist: 0, IPv4: 2, IPv6: 0, Min Delay: 3794 ms, Max Speed: 0.51 M/s, Avg Speed: 0.51 M/s, Max Resolution: 720x576
Category: ☘️四川频道, Name: 青川综合, Total: 2, Valid: 2, Valid Percent: 100.00%, Whitelist: 0, IPv4: 2, IPv6: 0, Min Delay: 12692 ms, Max Speed: 0.01 M/s, Avg Speed: 0.01 M/s, Max Resolution: 1920x1080
Category: ☘️四川频道, Name: 马尔康综合, Total: 2, Valid: 0, Valid Percent: 0.00%, Whitelist: 0, IPv4: 2, IPv6: 0, Min Delay: 5564 ms, Max Speed: 0.00 M/s, Avg Speed: 0.00 M/s, Max Resolution: None
Category: ☘️陕西频道, Name: 陕西新闻资讯, Total: 2, Valid: 2, Valid Percent: 100.00%, Whitelist: 0, IPv4: 2, IPv6: 0, Min Delay: 33 ms, Max Speed: 16.96 M/s, Avg Speed: 16.96 M/s, Max Resolution: 1920x1080
Category: ☘️陕西频道, Name: 陕西都市青春, Total: 2, Valid: 2, Valid Percent: 100.00%, Whitelist: 0, IPv4: 2, IPv6: 0, Min Delay: 33 ms, Max Speed: 16.96 M/s, Avg Speed: 16.96 M/s, Max Resolution: 1920x1080
Category: ☘️陕西频道, Name: 陕西体育休闲, Total: 2, Valid: 2, Valid Percent: 100.00%, Whitelist: 0, IPv4: 2, IPv6: 0, Min Delay: 33 ms, Max Speed: 16.96 M/s, Avg Speed: 16.96 M/s, Max Resolution: 1920x1080
Category: ☘️福建频道, Name: 厦门卫视, Total: 3, Valid: 3, Valid Percent: 100.00%, Whitelist: 0, IPv4: 2, IPv6: 1, Min Delay: 506 ms, Max Speed: 4.78 M/s, Avg Speed: 2.01 M/s, Max Resolution: 1920x1080
Category: ☘️福建频道, Name: 福建综合, Total: 1, Valid: 1, Valid Percent: 100.00%, Whitelist: 0, IPv4: 1, IPv6: 0, Min Delay: 59 ms, Max Speed: 65.65 M/s, Avg Speed: 65.65 M/s, Max Resolution: 720x576
Category: ☘️福建频道, Name: 福建公共, Total: 2, Valid: 2, Valid Percent: 100.00%, Whitelist: 0, IPv4: 2, IPv6: 0, Min Delay: 59 ms, Max Speed: 65.65 M/s, Avg Speed: 65.65 M/s, Max Resolution: 720x576
Category: ☘️福建频道, Name: 福建旅游, Total: 4, Valid: 4, Valid Percent: 100.00%, Whitelist: 0, IPv4: 4, IPv6: 0, Min Delay: 59 ms, Max Speed: 65.65 M/s, Avg Speed: 65.65 M/s, Max Resolution: 720x576
Category: ☘️福建频道, Name: 龙岩综合, Total: 2, Valid: 2, Valid Percent: 100.00%, Whitelist: 0, IPv4: 2, IPv6: 0, Min Delay: 511 ms, Max Speed: 0.12 M/s, Avg Speed: 0.12 M/s, Max Resolution: 1920x1080
Category: ☘️河南频道, Name: 梨园, Total: 3, Valid: 3, Valid Percent: 100.00%, Whitelist: 0, IPv4: 3, IPv6: 0, Min Delay: 2505 ms, Max Speed: 0.82 M/s, Avg Speed: 0.82 M/s, Max Resolution: 1920x1080
Category: ☘️河南频道, Name: 河南都市, Total: 1, Valid: 1, Valid Percent: 100.00%, Whitelist: 0, IPv4: 1, IPv6: 0, Min Delay: 16 ms, Max Speed: 65.90 M/s, Avg Speed: 65.90 M/s, Max Resolution: 1920x1080
Category: ☘️河北频道, Name: 邯郸公共, Total: 4, Valid: 4, Valid Percent: 100.00%, Whitelist: 0, IPv4: 2, IPv6: 2, Min Delay: 2092 ms, Max Speed: 0.27 M/s, Avg Speed: 0.14 M/s, Max Resolution: 1920x1080
Category: ☘️河北频道, Name: 河北都市, Total: 4, Valid: 3, Valid Percent: 75.00%, Whitelist: 0, IPv4: 2, IPv6: 2, Min Delay: 1939 ms, Max Speed: 0.96 M/s, Avg Speed: 0.36 M/s, Max Resolution: 1920x1080
Category: ☘️河北频道, Name: 河北农民, Total: 5, Valid: 5, Valid Percent: 100.00%, Whitelist: 0, IPv4: 1, IPv6: 4, Min Delay: 1716 ms, Max Speed: 0.96 M/s, Avg Speed: 0.27 M/s, Max Resolution: 1920x1080
Category: ☘️河北频道, Name: 衡山, Total: 2, Valid: 2, Valid Percent: 100.00%, Whitelist: 0, IPv4: 2, IPv6: 0, Min Delay: 12357 ms, Max Speed: 0.06 M/s, Avg Speed: 0.06 M/s, Max Resolution: 1280x720
Category: ☘️甘肃频道, Name: 甘肃经济, Total: 25, Valid: 1, Valid Percent: 4.00%, Whitelist: 0, IPv4: 25, IPv6: 0, Min Delay: 10 ms, Max Speed: 10.03 M/s, Avg Speed: 10.03 M/s, Max Resolution: None
Category: ☘️甘肃频道, Name: 永昌综合, Total: 1, Valid: 0, Valid Percent: 0.00%, Whitelist: 0, IPv4: 1, IPv6: 0, Min Delay: -1 ms, Max Speed: 0.00 M/s, Avg Speed: 0.00 M/s, Max Resolution: 1280x720
Category: ☘️新疆频道, Name: 兵团五师双河新闻综合, Total: 4, Valid: 4, Valid Percent: 100.00%, Whitelist: 0, IPv4: 4, IPv6: 0, Min Delay: 1940 ms, Max Speed: 0.23 M/s, Avg Speed: 0.22 M/s, Max Resolution: 720x576
Category: ☘️新疆频道, Name: 奎屯哈萨克语, Total: 3, Valid: 3, Valid Percent: 100.00%, Whitelist: 0, IPv4: 3, IPv6: 0, Min Delay: 12646 ms, Max Speed: 0.13 M/s, Avg Speed: 0.13 M/s, Max Resolution: 1920x1080
Category: ☘️新疆频道, Name: 玛纳斯综合, Total: 2, Valid: 2, Valid Percent: 100.00%, Whitelist: 0, IPv4: 2, IPv6: 0, Min Delay: 7505 ms, Max Speed: 0.23 M/s, Avg Speed: 0.23 M/s, Max Resolution: 1920x1080
Category: ☘️新疆频道, Name: 新疆卫视, Total: 17, Valid: 17, Valid Percent: 100.00%, Whitelist: 0, IPv4: 16, IPv6: 1, Min Delay: 6 ms, Max Speed: 65.65 M/s, Avg Speed: 22.10 M/s, Max Resolution: 1920x1080
Category: ☘️新疆频道, Name: 奎屯汉语综合, Total: 1, Valid: 1, Valid Percent: 100.00%, Whitelist: 0, IPv4: 1, IPv6: 0, Min Delay: 12646 ms, Max Speed: 0.13 M/s, Avg Speed: 0.13 M/s, Max Resolution: 1920x1080
Category: ☘️新疆频道, Name: 巴音郭楞州, Total: 2, Valid: 1, Valid Percent: 50.00%, Whitelist: 0, IPv4: 2, IPv6: 0, Min Delay: 12646 ms, Max Speed: 0.13 M/s, Avg Speed: 0.13 M/s, Max Resolution: 1920x1080
Category: ☘️新疆频道, Name: 石河子教育, Total: 2, Valid: 1, Valid Percent: 50.00%, Whitelist: 0, IPv4: 2, IPv6: 0, Min Delay: 12646 ms, Max Speed: 0.13 M/s, Avg Speed: 0.13 M/s, Max Resolution: 1920x1080
Category: ☘️山东频道, Name: 山东教育, Total: 2, Valid: 2, Valid Percent: 100.00%, Whitelist: 0, IPv4: 2, IPv6: 0, Min Delay: 33 ms, Max Speed: 16.96 M/s, Avg Speed: 16.96 M/s, Max Resolution: 1920x1080
Category: ☘️山东频道, Name: 山东体育, Total: 2, Valid: 2, Valid Percent: 100.00%, Whitelist: 0, IPv4: 2, IPv6: 0, Min Delay: 6 ms, Max Speed: 19.73 M/s, Avg Speed: 14.88 M/s, Max Resolution: None
Category: ☘️山东频道, Name: 东营综合, Total: 2, Valid: 0, Valid Percent: 0.00%, Whitelist: 0, IPv4: 2, IPv6: 0, Min Delay: 5555 ms, Max Speed: 0.00 M/s, Avg Speed: 0.00 M/s, Max Resolution: None
Category: ☘️山东频道, Name: 菏泽一套新闻综合, Total: 1, Valid: 1, Valid Percent: 100.00%, Whitelist: 0, IPv4: 1, IPv6: 0, Min Delay: 12357 ms, Max Speed: 0.06 M/s, Avg Speed: 0.06 M/s, Max Resolution: 1280x720
Category: ☘️山东频道, Name: 菏泽三套影视, Total: 1, Valid: 1, Valid Percent: 100.00%, Whitelist: 0, IPv4: 1, IPv6: 0, Min Delay: 12357 ms, Max Speed: 0.06 M/s, Avg Speed: 0.06 M/s, Max Resolution: 1280x720
Category: ☘️山东频道, Name: 菏泽影, Total: 1, Valid: 1, Valid Percent: 100.00%, Whitelist: 0, IPv4: 1, IPv6: 0, Min Delay: 12357 ms, Max Speed: 0.06 M/s, Avg Speed: 0.06 M/s, Max Resolution: 1280x720
Category: ☘️山东频道, Name: 菏泽新闻综合, Total: 3, Valid: 3, Valid Percent: 100.00%, Whitelist: 0, IPv4: 3, IPv6: 0, Min Delay: 12357 ms, Max Speed: 0.06 M/s, Avg Speed: 0.06 M/s, Max Resolution: 1280x720
Category: ☘️山东频道, Name: 菏泽经济生活, Total: 2, Valid: 2, Valid Percent: 100.00%, Whitelist: 0, IPv4: 2, IPv6: 0, Min Delay: 12357 ms, Max Speed: 0.06 M/s, Avg Speed: 0.06 M/s, Max Resolution: 1280x720
Category: ☘️山西频道, Name: 万荣综合, Total: 2, Valid: 2, Valid Percent: 100.00%, Whitelist: 0, IPv4: 2, IPv6: 0, Min Delay: 4121 ms, Max Speed: 0.24 M/s, Avg Speed: 0.24 M/s, Max Resolution: 720x404
Category: ☘️山西频道, Name: 大宁综合, Total: 3, Valid: 3, Valid Percent: 100.00%, Whitelist: 0, IPv4: 3, IPv6: 0, Min Delay: 915 ms, Max Speed: 0.03 M/s, Avg Speed: 0.03 M/s, Max Resolution: 10x10
Category: ☘️山西频道, Name: 太谷新闻综合, Total: 3, Valid: 3, Valid Percent: 100.00%, Whitelist: 0, IPv4: 3, IPv6: 0, Min Delay: 797 ms, Max Speed: 1.78 M/s, Avg Speed: 1.78 M/s, Max Resolution: 1920x1080
Category: ☘️山西频道, Name: 怀仁综合, Total: 4, Valid: 4, Valid Percent: 100.00%, Whitelist: 0, IPv4: 2, IPv6: 2, Min Delay: 3288 ms, Max Speed: 0.70 M/s, Avg Speed: 0.66 M/s, Max Resolution: 1920x1080
Category: ☘️山西频道, Name: 武乡新闻综合, Total: 4, Valid: 4, Valid Percent: 100.00%, Whitelist: 0, IPv4: 2, IPv6: 2, Min Delay: 602 ms, Max Speed: 0.41 M/s, Avg Speed: 0.20 M/s, Max Resolution: 1920x1080
Category: ☘️山西频道, Name: 长子综合, Total: 4, Valid: 4, Valid Percent: 100.00%, Whitelist: 0, IPv4: 2, IPv6: 2, Min Delay: 2716 ms, Max Speed: 0.48 M/s, Avg Speed: 0.32 M/s, Max Resolution: 1920x1080
Category: ☘️山西频道, Name: 闻喜综合, Total: 1, Valid: 1, Valid Percent: 100.00%, Whitelist: 0, IPv4: 1, IPv6: 0, Min Delay: 12316 ms, Max Speed: 0.15 M/s, Avg Speed: 0.15 M/s, Max Resolution: None
Category: ☘️安徽频道, Name: 合肥新闻, Total: 2, Valid: 2, Valid Percent: 100.00%, Whitelist: 0, IPv4: 2, IPv6: 0, Min Delay: 12627 ms, Max Speed: 0.04 M/s, Avg Speed: 0.04 M/s, Max Resolution: 720x576
Category: ☘️安徽频道, Name: 固镇新闻, Total: 2, Valid: 2, Valid Percent: 100.00%, Whitelist: 0, IPv4: 2, IPv6: 0, Min Delay: 2891 ms, Max Speed: 0.39 M/s, Avg Speed: 0.39 M/s, Max Resolution: 1920x1080
Category: ☘️安徽频道, Name: 祁门综合, Total: 3, Valid: 2, Valid Percent: 66.67%, Whitelist: 0, IPv4: 1, IPv6: 2, Min Delay: 11 ms, Max Speed: 64.50 M/s, Avg Speed: 64.50 M/s, Max Resolution: 1920x1080
Category: ☘️安徽频道, Name: 灵璧综合, Total: 3, Valid: 3, Valid Percent: 100.00%, Whitelist: 0, IPv4: 3, IPv6: 0, Min Delay: 3749 ms, Max Speed: 0.16 M/s, Avg Speed: 0.16 M/s, Max Resolution: 640x480
Category: ☘️安徽频道, Name: 宿松新闻综合, Total: 1, Valid: 0, Valid Percent: 0.00%, Whitelist: 0, IPv4: 1, IPv6: 0, Min Delay: -1 ms, Max Speed: 0.00 M/s, Avg Speed: 0.00 M/s, Max Resolution: 720x404
Category: ☘️安徽频道, Name: 亳州新闻, Total: 1, Valid: 1, Valid Percent: 100.00%, Whitelist: 0, IPv4: 1, IPv6: 0, Min Delay: 11 ms, Max Speed: 64.50 M/s, Avg Speed: 64.50 M/s, Max Resolution: 1920x1080
Category: ☘️安徽频道, Name: 亳州农村, Total: 2, Valid: 2, Valid Percent: 100.00%, Whitelist: 0, IPv4: 1, IPv6: 1, Min Delay: 11 ms, Max Speed: 64.50 M/s, Avg Speed: 64.50 M/s, Max Resolution: 1920x1080
Category: ☘️宁夏频道, Name: 宁夏经济, Total: 2, Valid: 2, Valid Percent: 100.00%, Whitelist: 0, IPv4: 1, IPv6: 1, Min Delay: 6 ms, Max Speed: 19.73 M/s, Avg Speed: 9.89 M/s, Max Resolution: 1920x1080
Category: ☘️吉林频道, Name: 延边卫视, Total: 3, Valid: 3, Valid Percent: 100.00%, Whitelist: 0, IPv4: 2, IPv6: 1, Min Delay: 6 ms, Max Speed: 19.73 M/s, Avg Speed: 6.97 M/s, Max Resolution: 1920x1080
Category: ☘️吉林频道, Name: 吉林乡村, Total: 1, Valid: 1, Valid Percent: 100.00%, Whitelist: 0, IPv4: 1, IPv6: 0, Min Delay: 6 ms, Max Speed: 19.73 M/s, Avg Speed: 19.73 M/s, Max Resolution: None
Category: ☘️吉林频道, Name: 延边-2, Total: 4, Valid: 4, Valid Percent: 100.00%, Whitelist: 0, IPv4: 4, IPv6: 0, Min Delay: 1423 ms, Max Speed: 0.23 M/s, Avg Speed: 0.15 M/s, Max Resolution: 720x576
Category: ☘️吉林频道, Name: 长白山电视台, Total: 2, Valid: 2, Valid Percent: 100.00%, Whitelist: 0, IPv4: 2, IPv6: 0, Min Delay: 1532 ms, Max Speed: 0.23 M/s, Avg Speed: 0.23 M/s, Max Resolution: 320x240
Category: ☘️吉林频道, Name: 德惠综合, Total: 3, Valid: 3, Valid Percent: 100.00%, Whitelist: 0, IPv4: 3, IPv6: 0, Min Delay: 2717 ms, Max Speed: 0.15 M/s, Avg Speed: 0.15 M/s, Max Resolution: 720x576
Category: ☘️吉林频道, Name: 九台综合, Total: 4, Valid: 4, Valid Percent: 100.00%, Whitelist: 0, IPv4: 4, IPv6: 0, Min Delay: 2049 ms, Max Speed: 0.25 M/s, Avg Speed: 0.25 M/s, Max Resolution: 720x576
Category: ☘️吉林频道, Name: 靖宇综合, Total: 2, Valid: 2, Valid Percent: 100.00%, Whitelist: 0, IPv4: 2, IPv6: 0, Min Delay: 643 ms, Max Speed: 0.06 M/s, Avg Speed: 0.06 M/s, Max Resolution: None
Category: ☘️吉林频道, Name: 敦化一套, Total: 2, Valid: 2, Valid Percent: 100.00%, Whitelist: 0, IPv4: 2, IPv6: 0, Min Delay: 1532 ms, Max Speed: 0.23 M/s, Avg Speed: 0.23 M/s, Max Resolution: 320x240
Category: ☘️吉林频道, Name: 龙井综合, Total: 1, Valid: 1, Valid Percent: 100.00%, Whitelist: 0, IPv4: 1, IPv6: 0, Min Delay: 1532 ms, Max Speed: 0.23 M/s, Avg Speed: 0.23 M/s, Max Resolution: 320x240
Category: ☘️吉林频道, Name: 梅河口综合, Total: 2, Valid: 2, Valid Percent: 100.00%, Whitelist: 0, IPv4: 2, IPv6: 0, Min Delay: 1401 ms, Max Speed: 0.04 M/s, Avg Speed: 0.04 M/s, Max Resolution: None
Category: ☘️吉林频道, Name: 桦甸综合, Total: 1, Valid: 1, Valid Percent: 100.00%, Whitelist: 0, IPv4: 1, IPv6: 0, Min Delay: 2049 ms, Max Speed: 0.25 M/s, Avg Speed: 0.25 M/s, Max Resolution: 720x576
Category: ☘️吉林频道, Name: 磐石综合, Total: 4, Valid: 4, Valid Percent: 100.00%, Whitelist: 0, IPv4: 4, IPv6: 0, Min Delay: 1401 ms, Max Speed: 0.08 M/s, Avg Speed: 0.07 M/s, Max Resolution: 720x576
Category: ☘️吉林频道, Name: 舒兰新闻综合, Total: 2, Valid: 2, Valid Percent: 100.00%, Whitelist: 0, IPv4: 2, IPv6: 0, Min Delay: 1532 ms, Max Speed: 0.23 M/s, Avg Speed: 0.23 M/s, Max Resolution: 320x240
Category: ☘️吉林频道, Name: 东丰综合, Total: 4, Valid: 4, Valid Percent: 100.00%, Whitelist: 0, IPv4: 4, IPv6: 0, Min Delay: 1401 ms, Max Speed: 0.08 M/s, Avg Speed: 0.07 M/s, Max Resolution: 720x576
Category: ☘️吉林频道, Name: 辉南新闻综合, Total: 3, Valid: 3, Valid Percent: 100.00%, Whitelist: 0, IPv4: 3, IPv6: 0, Min Delay: 1423 ms, Max Speed: 0.08 M/s, Avg Speed: 0.08 M/s, Max Resolution: 720x576
Category: ☘️吉林频道, Name: 柳河综合, Total: 1, Valid: 1, Valid Percent: 100.00%, Whitelist: 0, IPv4: 1, IPv6: 0, Min Delay: 1423 ms, Max Speed: 0.08 M/s, Avg Speed: 0.08 M/s, Max Resolution: 720x576
Category: ☘️吉林频道, Name: 通化县综合, Total: 3, Valid: 3, Valid Percent: 100.00%, Whitelist: 0, IPv4: 3, IPv6: 0, Min Delay: 1401 ms, Max Speed: 0.08 M/s, Avg Speed: 0.07 M/s, Max Resolution: 720x576
Category: ☘️吉林频道, Name: 汪清综合, Total: 3, Valid: 3, Valid Percent: 100.00%, Whitelist: 0, IPv4: 3, IPv6: 0, Min Delay: 1423 ms, Max Speed: 0.08 M/s, Avg Speed: 0.08 M/s, Max Resolution: 720x576
Category: ☘️内蒙古频道, Name: 内蒙经济, Total: 2, Valid: 2, Valid Percent: 100.00%, Whitelist: 0, IPv4: 1, IPv6: 1, Min Delay: 10 ms, Max Speed: 10.03 M/s, Avg Speed: 5.03 M/s, Max Resolution: 1920x1080
Category: ☘️云南频道, Name: 易门综合, Total: 2, Valid: 2, Valid Percent: 100.00%, Whitelist: 0, IPv4: 2, IPv6: 0, Min Delay: 2288 ms, Max Speed: 0.44 M/s, Avg Speed: 0.44 M/s, Max Resolution: 1920x1080
Category: ☘️云南频道, Name: 通海电视台, Total: 1, Valid: 1, Valid Percent: 100.00%, Whitelist: 0, IPv4: 1, IPv6: 0, Min Delay: 2288 ms, Max Speed: 0.44 M/s, Avg Speed: 0.44 M/s, Max Resolution: 1920x1080
Category: ☘️云南频道, Name: 陇川综合, Total: 1, Valid: 1, Valid Percent: 100.00%, Whitelist: 0, IPv4: 1, IPv6: 0, Min Delay: 2288 ms, Max Speed: 0.44 M/s, Avg Speed: 0.44 M/s, Max Resolution: 1920x1080
Category: ☘️云南频道, Name: 云南都市, Total: 1, Valid: 1, Valid Percent: 100.00%, Whitelist: 0, IPv4: 1, IPv6: 0, Min Delay: 2208 ms, Max Speed: 0.44 M/s, Avg Speed: 0.44 M/s, Max Resolution: 1920x1080
Category: ☘️云南频道, Name: 云南娱乐, Total: 1, Valid: 1, Valid Percent: 100.00%, Whitelist: 0, IPv4: 1, IPv6: 0, Min Delay: 2208 ms, Max Speed: 0.44 M/s, Avg Speed: 0.44 M/s, Max Resolution: 1920x1080
Category: ☘️黑龙江频道, Name: 黑龙江新闻法治, Total: 2, Valid: 2, Valid Percent: 100.00%, Whitelist: 0, IPv4: 1, IPv6: 1, Min Delay: 6 ms, Max Speed: 19.73 M/s, Avg Speed: 9.89 M/s, Max Resolution: 1920x1080
Category: ☘️黑龙江频道, Name: 哈尔滨影视, Total: 2, Valid: 2, Valid Percent: 100.00%, Whitelist: 0, IPv4: 2, IPv6: 0, Min Delay: 10179 ms, Max Speed: 0.05 M/s, Avg Speed: 0.05 M/s, Max Resolution: None
Category: ☘️黑龙江频道, Name: 哈尔滨资讯, Total: 1, Valid: 1, Valid Percent: 100.00%, Whitelist: 0, IPv4: 1, IPv6: 0, Min Delay: 10179 ms, Max Speed: 0.05 M/s, Avg Speed: 0.05 M/s, Max Resolution: None
Category: ☘️黑龙江频道, Name: 哈尔滨生活, Total: 2, Valid: 2, Valid Percent: 100.00%, Whitelist: 0, IPv4: 2, IPv6: 0, Min Delay: 10179 ms, Max Speed: 0.05 M/s, Avg Speed: 0.05 M/s, Max Resolution: None
Category: ☘️黑龙江频道, Name: 哈尔滨娱乐, Total: 3, Valid: 3, Valid Percent: 100.00%, Whitelist: 0, IPv4: 3, IPv6: 0, Min Delay: 10179 ms, Max Speed: 0.05 M/s, Avg Speed: 0.05 M/s, Max Resolution: None
Category: ☘️黑龙江频道, Name: 鹤岗新闻综合, Total: 1, Valid: 1, Valid Percent: 100.00%, Whitelist: 0, IPv4: 1, IPv6: 0, Min Delay: 12357 ms, Max Speed: 0.06 M/s, Avg Speed: 0.06 M/s, Max Resolution: 1280x720
Category: ☘️黑龙江频道, Name: 七台河新闻综合, Total: 2, Valid: 2, Valid Percent: 100.00%, Whitelist: 0, IPv4: 2, IPv6: 0, Min Delay: 2889 ms, Max Speed: 0.33 M/s, Avg Speed: 0.33 M/s, Max Resolution: 1280x720
Category: ☘️黑龙江频道, Name: 佳木斯新闻综合, Total: 1, Valid: 1, Valid Percent: 100.00%, Whitelist: 0, IPv4: 1, IPv6: 0, Min Delay: 2889 ms, Max Speed: 0.33 M/s, Avg Speed: 0.33 M/s, Max Resolution: 1280x720
Category: ☘️黑龙江频道, Name: 甘南县综合, Total: 4, Valid: 2, Valid Percent: 50.00%, Whitelist: 0, IPv4: 4, IPv6: 0, Min Delay: 1442 ms, Max Speed: 0.02 M/s, Avg Speed: 0.02 M/s, Max Resolution: 640x480
Category: ☘️黑龙江频道, Name: 哈尔滨都市资讯, Total: 1, Valid: 1, Valid Percent: 100.00%, Whitelist: 0, IPv4: 1, IPv6: 0, Min Delay: 1442 ms, Max Speed: 0.02 M/s, Avg Speed: 0.02 M/s, Max Resolution: 640x480
Category: ☘️黑龙江频道, Name: 双鸭山综合, Total: 1, Valid: 1, Valid Percent: 100.00%, Whitelist: 0, IPv4: 1, IPv6: 0, Min Delay: 2889 ms, Max Speed: 0.33 M/s, Avg Speed: 0.33 M/s, Max Resolution: 1280x720
Category: ☘️黑龙江频道, Name: 七台河民生社教, Total: 1, Valid: 1, Valid Percent: 100.00%, Whitelist: 0, IPv4: 1, IPv6: 0, Min Delay: 2889 ms, Max Speed: 0.33 M/s, Avg Speed: 0.33 M/s, Max Resolution: 1280x720
Category: 🌊港·澳·台, Name: 翡翠台, Total: 14, Valid: 11, Valid Percent: 78.57%, Whitelist: 0, IPv4: 4, IPv6: 10, Min Delay: 49 ms, Max Speed: 94.19 M/s, Avg Speed: 67.14 M/s, Max Resolution: 1920x1080
Category: 🌊港·澳·台, Name: 凤凰中文, Total: 6, Valid: 6, Valid Percent: 100.00%, Whitelist: 0, IPv4: 4, IPv6: 2, Min Delay: 115 ms, Max Speed: 88.35 M/s, Avg Speed: 27.83 M/s, Max Resolution: 1920x1080
Category: 🌊港·澳·台, Name: 凤凰资讯, Total: 14, Valid: 14, Valid Percent: 100.00%, Whitelist: 0, IPv4: 11, IPv6: 3, Min Delay: 115 ms, Max Speed: 88.35 M/s, Avg Speed: 33.96 M/s, Max Resolution: 1920x1080
Category: 🌊港·澳·台, Name: 凤凰香港, Total: 10, Valid: 10, Valid Percent: 100.00%, Whitelist: 0, IPv4: 5, IPv6: 5, Min Delay: 115 ms, Max Speed: 88.35 M/s, Avg Speed: 38.40 M/s, Max Resolution: 1920x1080
Category: 🌊港·澳·台, Name: 凤凰卫视, Total: 2, Valid: 2, Valid Percent: 100.00%, Whitelist: 0, IPv4: 2, IPv6: 0, Min Delay: 12092 ms, Max Speed: 0.24 M/s, Avg Speed: 0.24 M/s, Max Resolution: 720x576
Category: 🌊港·澳·台, Name: TVBS亚洲, Total: 7, Valid: 7, Valid Percent: 100.00%, Whitelist: 0, IPv4: 5, IPv6: 2, Min Delay: 30 ms, Max Speed: 93.20 M/s, Avg Speed: 27.01 M/s, Max Resolution: 1920x1080
Category: 🌊港·澳·台, Name: 纬来体育, Total: 7, Valid: 4, Valid Percent: 57.14%, Whitelist: 0, IPv4: 4, IPv6: 3, Min Delay: 645 ms, Max Speed: 1.27 M/s, Avg Speed: 0.87 M/s, Max Resolution: 1920x1080
Category: 🌊港·澳·台, Name: 纬来育乐, Total: 1, Valid: 1, Valid Percent: 100.00%, Whitelist: 0, IPv4: 1, IPv6: 0, Min Delay: 645 ms, Max Speed: 1.27 M/s, Avg Speed: 1.27 M/s, Max Resolution: 1440x1080
Category: 🌊港·澳·台, Name: 东森超视, Total: 2, Valid: 2, Valid Percent: 100.00%, Whitelist: 0, IPv4: 2, IPv6: 0, Min Delay: 2249 ms, Max Speed: 0.53 M/s, Avg Speed: 0.53 M/s, Max Resolution: 1920x1080
Category: 🌊港·澳·台, Name: Now剧集, Total: 1, Valid: 1, Valid Percent: 100.00%, Whitelist: 0, IPv4: 1, IPv6: 0, Min Delay: 118 ms, Max Speed: 45.61 M/s, Avg Speed: 45.61 M/s, Max Resolution: 1920x1080
Category: 🌊港·澳·台, Name: Now华剧, Total: 1, Valid: 1, Valid Percent: 100.00%, Whitelist: 0, IPv4: 1, IPv6: 0, Min Delay: 118 ms, Max Speed: 45.61 M/s, Avg Speed: 45.61 M/s, Max Resolution: 1920x1080
Category: 🎬电影频道, Name: CHC家庭影院, Total: 10, Valid: 10, Valid Percent: 100.00%, Whitelist: 0, IPv4: 8, IPv6: 2, Min Delay: 33 ms, Max Speed: 65.65 M/s, Avg Speed: 20.60 M/s, Max Resolution: 1920x1080
Category: 🎬电影频道, Name: CHC动作电影, Total: 10, Valid: 10, Valid Percent: 100.00%, Whitelist: 0, IPv4: 8, IPv6: 2, Min Delay: 33 ms, Max Speed: 123.04 M/s, Avg Speed: 32.78 M/s, Max Resolution: 1920x1080
Category: 🎬电影频道, Name: CHC高清电影, Total: 12, Valid: 6, Valid Percent: 50.00%, Whitelist: 0, IPv4: 12, IPv6: 0, Min Delay: 12005 ms, Max Speed: 0.10 M/s, Avg Speed: 0.07 M/s, Max Resolution: 1920x1080
Category: 🎬电影频道, Name: NewTV惊悚悬疑, Total: 3, Valid: 3, Valid Percent: 100.00%, Whitelist: 0, IPv4: 2, IPv6: 1, Min Delay: 33 ms, Max Speed: 65.65 M/s, Avg Speed: 49.42 M/s, Max Resolution: 1920x1080
Category: 🎬电影频道, Name: 纬来电影, Total: 3, Valid: 3, Valid Percent: 100.00%, Whitelist: 0, IPv4: 3, IPv6: 0, Min Delay: 118 ms, Max Speed: 45.61 M/s, Avg Speed: 16.05 M/s, Max Resolution: 1920x1080
Category: 🎬电影频道, Name: 天映经典, Total: 6, Valid: 6, Valid Percent: 100.00%, Whitelist: 0, IPv4: 3, IPv6: 3, Min Delay: 49 ms, Max Speed: 94.19 M/s, Avg Speed: 28.59 M/s, Max Resolution: 1920x1080
Category: 🎬电影频道, Name: 龙祥电影, Total: 1, Valid: 1, Valid Percent: 100.00%, Whitelist: 0, IPv4: 1, IPv6: 0, Min Delay: 645 ms, Max Speed: 1.27 M/s, Avg Speed: 1.27 M/s, Max Resolution: 1440x1080
Category: 🎬电影频道, Name: 东森洋片, Total: 2, Valid: 2, Valid Percent: 100.00%, Whitelist: 0, IPv4: 2, IPv6: 0, Min Delay: 645 ms, Max Speed: 1.27 M/s, Avg Speed: 1.27 M/s, Max Resolution: 1440x1080
Category: 🎬电影频道, Name: 东森超视, Total: 2, Valid: 2, Valid Percent: 100.00%, Whitelist: 0, IPv4: 2, IPv6: 0, Min Delay: 2249 ms, Max Speed: 0.53 M/s, Avg Speed: 0.53 M/s, Max Resolution: 1920x1080
Category: 🏀体育频道, Name: CCTV-5, Total: 36, Valid: 36, Valid Percent: 100.00%, Whitelist: 0, IPv4: 36, IPv6: 0, Min Delay: 33 ms, Max Speed: 65.65 M/s, Avg Speed: 17.09 M/s, Max Resolution: 1920x1080
Category: 🏀体育频道, Name: CCTV-5+, Total: 13, Valid: 13, Valid Percent: 100.00%, Whitelist: 0, IPv4: 12, IPv6: 1, Min Delay: 33 ms, Max Speed: 16.96 M/s, Avg Speed: 5.89 M/s, Max Resolution: 1920x1080
Category: 🏀体育频道, Name: 纬来体育, Total: 4, Valid: 4, Valid Percent: 100.00%, Whitelist: 0, IPv4: 1, IPv6: 3, Min Delay: 645 ms, Max Speed: 1.27 M/s, Avg Speed: 0.87 M/s, Max Resolution: 1920x1080
Category: 🏀体育频道, Name: 广州竞赛, Total: 4, Valid: 4, Valid Percent: 100.00%, Whitelist: 0, IPv4: 4, IPv6: 0, Min Delay: 3276 ms, Max Speed: 0.31 M/s, Avg Speed: 0.31 M/s, Max Resolution: 1280x720
Category: 🏀体育频道, Name: 山东体育, Total: 2, Valid: 2, Valid Percent: 100.00%, Whitelist: 0, IPv4: 2, IPv6: 0, Min Delay: 6 ms, Max Speed: 19.73 M/s, Avg Speed: 14.88 M/s, Max Resolution: None
Category: 🏀体育频道, Name: 天津体育, Total: 1, Valid: 1, Valid Percent: 100.00%, Whitelist: 0, IPv4: 1, IPv6: 0, Min Delay: 894 ms, Max Speed: 1.22 M/s, Avg Speed: 1.22 M/s, Max Resolution: 1920x1080
Category: 🏀体育频道, Name: 风云足球, Total: 7, Valid: 6, Valid Percent: 85.71%, Whitelist: 0, IPv4: 5, IPv6: 2, Min Delay: 494 ms, Max Speed: 4.78 M/s, Avg Speed: 1.54 M/s, Max Resolution: 1920x1080
Category: 🏀体育频道, Name: 魅力足球, Total: 1, Valid: 1, Valid Percent: 100.00%, Whitelist: 0, IPv4: 1, IPv6: 0, Min Delay: 12673 ms, Max Speed: 0.06 M/s, Avg Speed: 0.06 M/s, Max Resolution: 1920x1080
Category: 🏀体育频道, Name: 快乐垂钓, Total: 3, Valid: 3, Valid Percent: 100.00%, Whitelist: 0, IPv4: 3, IPv6: 0, Min Delay: 33 ms, Max Speed: 16.96 M/s, Avg Speed: 11.33 M/s, Max Resolution: 1920x1080
Category: 🪁动画频道, Name: 新动漫, Total: 5, Valid: 5, Valid Percent: 100.00%, Whitelist: 0, IPv4: 5, IPv6: 0, Min Delay: 33 ms, Max Speed: 16.96 M/s, Avg Speed: 13.58 M/s, Max Resolution: 1920x1080
Category: 🪁动画频道, Name: 优漫卡通, Total: 3, Valid: 3, Valid Percent: 100.00%, Whitelist: 0, IPv4: 3, IPv6: 0, Min Delay: 33 ms, Max Speed: 16.96 M/s, Avg Speed: 16.96 M/s, Max Resolution: 1920x1080
Category: 🪁动画频道, Name: 金鹰卡通, Total: 2, Valid: 0, Valid Percent: 0.00%, Whitelist: 0, IPv4: 2, IPv6: 0, Min Delay: 12371 ms, Max Speed: 0.00 M/s, Avg Speed: 0.00 M/s, Max Resolution: None
Category: 🪁动画频道, Name: 浙江少儿, Total: 5, Valid: 5, Valid Percent: 100.00%, Whitelist: 0, IPv4: 1, IPv6: 4, Min Delay: 2391 ms, Max Speed: 0.92 M/s, Avg Speed: 0.57 M/s, Max Resolution: 1920x1080
Category: 🪁动画频道, Name: 火影忍者, Total: 2, Valid: 2, Valid Percent: 100.00%, Whitelist: 0, IPv4: 2, IPv6: 0, Min Delay: 1222 ms, Max Speed: 1.45 M/s, Avg Speed: 1.45 M/s, Max Resolution: 1920x1032
Category: 🪁动画频道, Name: 海绵宝宝, Total: 1, Valid: 1, Valid Percent: 100.00%, Whitelist: 0, IPv4: 1, IPv6: 0, Min Delay: 16 ms, Max Speed: 65.90 M/s, Avg Speed: 65.90 M/s, Max Resolution: 1920x1080
Category: 🎮游戏频道, Name: 游戏风云, Total: 1, Valid: 1, Valid Percent: 100.00%, Whitelist: 0, IPv4: 1, IPv6: 0, Min Delay: 12673 ms, Max Speed: 0.06 M/s, Avg Speed: 0.06 M/s, Max Resolution: 1920x1080
Category: 🎮游戏频道, Name: 游戏竞技, Total: 1, Valid: 0, Valid Percent: 0.00%, Whitelist: 0, IPv4: 1, IPv6: 0, Min Delay: 12808 ms, Max Speed: 0.00 M/s, Avg Speed: 0.00 M/s, Max Resolution: 1920x1080
Category: 🎵音乐频道, Name: CCTV-15, Total: 43, Valid: 42, Valid Percent: 97.67%, Whitelist: 0, IPv4: 38, IPv6: 5, Min Delay: 33 ms, Max Speed: 65.65 M/s, Avg Speed: 20.08 M/s, Max Resolution: 1920x1080
Category: 🎵音乐频道, Name: 风云音乐, Total: 6, Valid: 6, Valid Percent: 100.00%, Whitelist: 0, IPv4: 6, IPv6: 0, Min Delay: 59 ms, Max Speed: 65.65 M/s, Avg Speed: 23.18 M/s, Max Resolution: 1920x1080
Category: 🎵音乐频道, Name: 音乐现场, Total: 2, Valid: 2, Valid Percent: 100.00%, Whitelist: 0, IPv4: 2, IPv6: 0, Min Delay: 6 ms, Max Speed: 19.73 M/s, Avg Speed: 14.88 M/s, Max Resolution: None
Category: 🎵音乐频道, Name: 音乐之声, Total: 4, Valid: 4, Valid Percent: 100.00%, Whitelist: 0, IPv4: 4, IPv6: 0, Min Delay: 6 ms, Max Speed: 19.73 M/s, Avg Speed: 7.49 M/s, Max Resolution: None
Category: 💰央视付费频道, Name: 文化精品, Total: 5, Valid: 5, Valid Percent: 100.00%, Whitelist: 0, IPv4: 5, IPv6: 0, Min Delay: 59 ms, Max Speed: 65.65 M/s, Avg Speed: 27.80 M/s, Max Resolution: 1920x1080
Category: 💰央视付费频道, Name: 央视台球, Total: 4, Valid: 4, Valid Percent: 100.00%, Whitelist: 0, IPv4: 2, IPv6: 2, Min Delay: 494 ms, Max Speed: 1.71 M/s, Avg Speed: 1.10 M/s, Max Resolution: 1920x1080
Category: 💰央视付费频道, Name: 风云音乐, Total: 6, Valid: 6, Valid Percent: 100.00%, Whitelist: 0, IPv4: 6, IPv6: 0, Min Delay: 59 ms, Max Speed: 65.65 M/s, Avg Speed: 23.18 M/s, Max Resolution: 1920x1080
Category: 💰央视付费频道, Name: 第一剧场, Total: 5, Valid: 5, Valid Percent: 100.00%, Whitelist: 0, IPv4: 4, IPv6: 1, Min Delay: 59 ms, Max Speed: 65.65 M/s, Avg Speed: 26.99 M/s, Max Resolution: 1920x1080
Category: 💰央视付费频道, Name: 风云剧场, Total: 6, Valid: 6, Valid Percent: 100.00%, Whitelist: 0, IPv4: 6, IPv6: 0, Min Delay: 59 ms, Max Speed: 65.65 M/s, Avg Speed: 23.18 M/s, Max Resolution: 1920x1080
Category: 💰央视付费频道, Name: 怀旧剧场, Total: 6, Valid: 5, Valid Percent: 83.33%, Whitelist: 0, IPv4: 6, IPv6: 0, Min Delay: 59 ms, Max Speed: 65.65 M/s, Avg Speed: 26.86 M/s, Max Resolution: 1920x1080
Category: 💰央视付费频道, Name: 女性时尚, Total: 6, Valid: 5, Valid Percent: 83.33%, Whitelist: 0, IPv4: 6, IPv6: 0, Min Delay: 59 ms, Max Speed: 65.65 M/s, Avg Speed: 26.86 M/s, Max Resolution: 1920x1080
Category: 💰央视付费频道, Name: 高尔夫网球, Total: 1, Valid: 1, Valid Percent: 100.00%, Whitelist: 0, IPv4: 1, IPv6: 0, Min Delay: 494 ms, Max Speed: 1.71 M/s, Avg Speed: 1.71 M/s, Max Resolution: 1280x720
Category: 💰央视付费频道, Name: 风云足球, Total: 7, Valid: 6, Valid Percent: 85.71%, Whitelist: 0, IPv4: 5, IPv6: 2, Min Delay: 494 ms, Max Speed: 4.78 M/s, Avg Speed: 1.54 M/s, Max Resolution: 1920x1080
Category: 💰央视付费频道, Name: 世界地理, Total: 7, Valid: 6, Valid Percent: 85.71%, Whitelist: 0, IPv4: 7, IPv6: 0, Min Delay: 104 ms, Max Speed: 123.04 M/s, Avg Speed: 21.86 M/s, Max Resolution: 1920x1080
Category: 💰央视付费频道, Name: 兵器科技, Total: 4, Valid: 4, Valid Percent: 100.00%, Whitelist: 0, IPv4: 4, IPv6: 0, Min Delay: 59 ms, Max Speed: 65.65 M/s, Avg Speed: 33.56 M/s, Max Resolution: 1920x1080
Category: 🏛经典剧场, Name: 天龙八部, Total: 3, Valid: 3, Valid Percent: 100.00%, Whitelist: 0, IPv4: 3, IPv6: 0, Min Delay: 17 ms, Max Speed: 167.45 M/s, Avg Speed: 63.09 M/s, Max Resolution: 1280x720
Category: 🏛经典剧场, Name: 济公游记, Total: 1, Valid: 1, Valid Percent: 100.00%, Whitelist: 0, IPv4: 1, IPv6: 0, Min Delay: 16 ms, Max Speed: 65.90 M/s, Avg Speed: 65.90 M/s, Max Resolution: 1920x1080
